Archive member included because of file (symbol)

C:/ProgramData/MATLAB/SupportPackages/R2021b/aIDE/portable/packages/arduino/hardware/sam/1.6.12/variants/arduino_due_x/libsam_sam3x8e_gcc_rel.a(startup_sam3xa.o)
                              (Reset_Handler)
C:/ProgramData/MATLAB/SupportPackages/R2021b/aIDE/portable/packages/arduino/hardware/sam/1.6.12/variants/arduino_due_x/libsam_sam3x8e_gcc_rel.a(uotghs.o)
                              C:/ProgramData/MATLAB/SupportPackages/R2021b/aIDE/portable/packages/arduino/hardware/sam/1.6.12/variants/arduino_due_x/libsam_sam3x8e_gcc_rel.a(startup_sam3xa.o) (UOTGHS_Handler)
C:/Users/Rafael/DOCUME~1/MATLAB/R2021b/ARDUIN~1/ARDUIN~1/FASTER~1/libcore.a(hooks.o)
                              arm_m3_cortex_handler.o (sysTickHook)
C:/Users/Rafael/DOCUME~1/MATLAB/R2021b/ARDUIN~1/ARDUIN~1/FASTER~1/libcore.a(syscalls_sam3.o)
                              (_sbrk)
C:/Users/Rafael/DOCUME~1/MATLAB/R2021b/ARDUIN~1/ARDUIN~1/FASTER~1/libcore.a(wiring.o)
                              io_wrappers.o (millis)
C:/Users/Rafael/DOCUME~1/MATLAB/R2021b/ARDUIN~1/ARDUIN~1/FASTER~1/libcore.a(wiring_digital.o)
                              SPI.o (pinMode)
C:/Users/Rafael/DOCUME~1/MATLAB/R2021b/ARDUIN~1/ARDUIN~1/FASTER~1/libcore.a(abi.o)
                              Wire.o (__cxa_pure_virtual)
C:/Users/Rafael/DOCUME~1/MATLAB/R2021b/ARDUIN~1/ARDUIN~1/FASTER~1/libcore.a(new.o)
                              Adafruit_MS_PWMServoDriver.o (operator new(unsigned int))
C:/Users/Rafael/DOCUME~1/MATLAB/R2021b/ARDUIN~1/ARDUIN~1/FASTER~1/libcore.a(Print.o)
                              Wire.o (Print::write(unsigned char const*, unsigned int))
C:/Users/Rafael/DOCUME~1/MATLAB/R2021b/ARDUIN~1/ARDUIN~1/FASTER~1/libcore.a(Reset.o)
                              arm_m3_cortex_handler.o (tickReset)
C:/Users/Rafael/DOCUME~1/MATLAB/R2021b/ARDUIN~1/ARDUIN~1/FASTER~1/libcore.a(UARTClass.o)
                              io_wrappers.o (UARTClass::read())
C:/Users/Rafael/DOCUME~1/MATLAB/R2021b/ARDUIN~1/ARDUIN~1/FASTER~1/libcore.a(USARTClass.o)
                              io_wrappers.o (USARTClass::begin(unsigned long))
C:/Users/Rafael/DOCUME~1/MATLAB/R2021b/ARDUIN~1/ARDUIN~1/FASTER~1/libcore.a(watchdog.o)
                              MW_ArduinoHWInit.o (watchdogDisable())
C:/Users/Rafael/DOCUME~1/MATLAB/R2021b/ARDUIN~1/ARDUIN~1/FASTER~1/libcore.a(variant.o)
                              ert_main.o (init)
C:/Users/Rafael/DOCUME~1/MATLAB/R2021b/ARDUIN~1/ARDUIN~1/FASTER~1/libcore.a(wiring_analog.o)
                              C:/Users/Rafael/DOCUME~1/MATLAB/R2021b/ARDUIN~1/ARDUIN~1/FASTER~1/libcore.a(variant.o) (analogOutputInit)
C:/Users/Rafael/DOCUME~1/MATLAB/R2021b/ARDUIN~1/ARDUIN~1/FASTER~1/libcore.a(RingBuffer.o)
                              C:/Users/Rafael/DOCUME~1/MATLAB/R2021b/ARDUIN~1/ARDUIN~1/FASTER~1/libcore.a(variant.o) (RingBuffer::RingBuffer())
C:/ProgramData/MATLAB/SupportPackages/R2021b/aIDE/portable/packages/arduino/hardware/sam/1.6.12/variants/arduino_due_x/libsam_sam3x8e_gcc_rel.a(pio.o)
                              C:/Users/Rafael/DOCUME~1/MATLAB/R2021b/ARDUIN~1/ARDUIN~1/FASTER~1/libcore.a(wiring_digital.o) (PIO_PullUp)
C:/ProgramData/MATLAB/SupportPackages/R2021b/aIDE/portable/packages/arduino/hardware/sam/1.6.12/variants/arduino_due_x/libsam_sam3x8e_gcc_rel.a(pmc.o)
                              Wire.o (pmc_enable_periph_clk)
C:/ProgramData/MATLAB/SupportPackages/R2021b/aIDE/portable/packages/arduino/hardware/sam/1.6.12/variants/arduino_due_x/libsam_sam3x8e_gcc_rel.a(pwmc.o)
                              C:/Users/Rafael/DOCUME~1/MATLAB/R2021b/ARDUIN~1/ARDUIN~1/FASTER~1/libcore.a(wiring_analog.o) (PWMC_ConfigureChannel)
C:/ProgramData/MATLAB/SupportPackages/R2021b/aIDE/portable/packages/arduino/hardware/sam/1.6.12/variants/arduino_due_x/libsam_sam3x8e_gcc_rel.a(spi.o)
                              SPI.o (SPI_Enable)
C:/ProgramData/MATLAB/SupportPackages/R2021b/aIDE/portable/packages/arduino/hardware/sam/1.6.12/variants/arduino_due_x/libsam_sam3x8e_gcc_rel.a(tc.o)
                              arduinoARMScheduler.o (TC_Configure)
C:/ProgramData/MATLAB/SupportPackages/R2021b/aIDE/portable/packages/arduino/hardware/sam/1.6.12/variants/arduino_due_x/libsam_sam3x8e_gcc_rel.a(timetick.o)
                              arm_m3_cortex_handler.o (TimeTick_Increment)
C:/ProgramData/MATLAB/SupportPackages/R2021b/aIDE/portable/packages/arduino/hardware/sam/1.6.12/variants/arduino_due_x/libsam_sam3x8e_gcc_rel.a(twi.o)
                              Wire.o (TWI_SetClock)
C:/ProgramData/MATLAB/SupportPackages/R2021b/aIDE/portable/packages/arduino/hardware/sam/1.6.12/variants/arduino_due_x/libsam_sam3x8e_gcc_rel.a(wdt.o)
                              C:/Users/Rafael/DOCUME~1/MATLAB/R2021b/ARDUIN~1/ARDUIN~1/FASTER~1/libcore.a(watchdog.o) (WDT_Enable)
C:/ProgramData/MATLAB/SupportPackages/R2021b/aIDE/portable/packages/arduino/hardware/sam/1.6.12/variants/arduino_due_x/libsam_sam3x8e_gcc_rel.a(system_sam3xa.o)
[...]
Memory Configuration

Name             Origin             Length             Attributes
rom              0x00080000         0x00080000         xr
sram0            0x20000000         0x00010000         xrw
sram1            0x20080000         0x00008000         xrw
ram              0x20070000         0x00018000         xrw
*default*        0x00000000         0xffffffff

Linker script and memory map

LOAD c:/programdata/matlab/supportpackages/r2021b/aide/portable/packages/arduino/tools/arm-none-eabi-gcc/4.8.3-2014q1/bin/../lib/gcc/arm-none-eabi/4.8.3/armv7-m/crti.o
LOAD c:/programdata/matlab/supportpackages/r2021b/aide/portable/packages/arduino/tools/arm-none-eabi-gcc/4.8.3-2014q1/bin/../lib/gcc/arm-none-eabi/4.8.3/armv7-m/crtbegin.o
LOAD c:/programdata/matlab/supportpackages/r2021b/aide/portable/packages/arduino/tools/arm-none-eabi-gcc/4.8.3-2014q1/bin/../lib/gcc/arm-none-eabi/4.8.3/../../../../arm-none-eabi/lib/armv7-m/crt0.o
START GROUP
LOAD C:/ProgramData/MATLAB/SupportPackages/R2021b/aIDE/portable/packages/arduino/hardware/sam/1.6.12/variants/arduino_due_x/libsam_sam3x8e_gcc_rel.a
LOAD AFMSV2Driver.o
LOAD Adafruit_I2CDevice.o
LOAD Adafruit_MotorShield.o
LOAD Adafruit_MS_PWMServoDriver.o
LOAD SPI.o
LOAD Wire.o
LOAD AFMSV2_Driver_Motor_Test.o
LOAD AFMSV2_Driver_Motor_Test_data.o
LOAD rtGetInf.o
LOAD rtGetNaN.o
LOAD rt_nonfinite.o
LOAD arm_m3_cortex_handler.o
LOAD MW_ArduinoHWInit.o
LOAD io_wrappers.o
LOAD arduinoARMScheduler.o
LOAD m3m4m4f_multitasking.o
LOAD ert_main.o
LOAD C:/Users/Rafael/DOCUME~1/MATLAB/R2021b/ARDUIN~1/ARDUIN~1/FASTER~1/MW_RebuildSrc_Core.o
LOAD C:/Users/Rafael/DOCUME~1/MATLAB/R2021b/ARDUIN~1/ARDUIN~1/FASTER~1/libcore.a
END GROUP
LOAD c:/programdata/matlab/supportpackages/r2021b/aide/portable/packages/arduino/tools/arm-none-eabi-gcc/4.8.3-2014q1/bin/../lib/gcc/arm-none-eabi/4.8.3/../../../../arm-none-eabi/lib/armv7-m\libm.a
LOAD C:/Users/Rafael/DOCUME~1/MATLAB/R2021b/ARDUIN~1/ARDUIN~1/FASTER~1\libcore.a
START GROUP
LOAD c:/programdata/matlab/supportpackages/r2021b/aide/portable/packages/arduino/tools/arm-none-eabi-gcc/4.8.3-2014q1/bin/../lib/gcc/arm-none-eabi/4.8.3/armv7-m\libgcc.a
LOAD c:/programdata/matlab/supportpackages/r2021b/aide/portable/packages/arduino/tools/arm-none-eabi-gcc/4.8.3-2014q1/bin/../lib/gcc/arm-none-eabi/4.8.3/../../../../arm-none-eabi/lib/armv7-m\libg.a
LOAD c:/programdata/matlab/supportpackages/r2021b/aide/portable/packages/arduino/tools/arm-none-eabi-gcc/4.8.3-2014q1/bin/../lib/gcc/arm-none-eabi/4.8.3/../../../../arm-none-eabi/lib/armv7-m\libc.a
END GROUP
LOAD c:/programdata/matlab/supportpackages/r2021b/aide/portable/packages/arduino/tools/arm-none-eabi-gcc/4.8.3-2014q1/bin/../lib/gcc/arm-none-eabi/4.8.3/armv7-m/crtend.o
LOAD c:/programdata/matlab/supportpackages/r2021b/aide/portable/packages/arduino/tools/arm-none-eabi-gcc/4.8.3-2014q1/bin/../lib/gcc/arm-none-eabi/4.8.3/armv7-m/crtn.o

.text           0x00080000     0x6c04
                0x00080000                . = ALIGN (0x4)
                0x00080000                _sfixed = .
 *(.vectors .vectors.*)
 .vectors       0x00080000       0xf4 C:/ProgramData/MATLAB/SupportPackages/R2021b/aIDE/portable/packages/arduino/hardware/sam/1.6.12/variants/arduino_due_x/libsam_sam3x8e_gcc_rel.a(startup_sam3xa.o)
                0x00080000                exception_table
 *(.text .text.* .gnu.linkonce.t.*)
 .text          0x000800f4       0x54 c:/programdata/matlab/supportpackages/r2021b/aide/portable/packages/arduino/tools/arm-none-eabi-gcc/4.8.3-2014q1/bin/../lib/gcc/arm-none-eabi/4.8.3/armv7-m/crtbegin.o
 .text.Reset_Handler
                0x00080148       0x78 C:/ProgramData/MATLAB/SupportPackages/R2021b/aIDE/portable/packages/arduino/hardware/sam/1.6.12/variants/arduino_due_x/libsam_sam3x8e_gcc_rel.a(startup_sam3xa.o)
                0x00080148                Reset_Handler
 .text.UOTGHS_Handler
                0x000801c0       0x10 C:/ProgramData/MATLAB/SupportPackages/R2021b/aIDE/portable/packages/arduino/hardware/sam/1.6.12/variants/arduino_due_x/libsam_sam3x8e_gcc_rel.a(uotghs.o)
                0x000801c0                UOTGHS_Handler
 .text.AFMSV2Driver_Init
                0x000801d0       0x28 AFMSV2Driver.o
                0x000801d0                AFMSV2Driver_Init
 .text.AFMSV2Driver_Step
                0x000801f8      0x164 AFMSV2Driver.o
                0x000801f8                AFMSV2Driver_Step
 .text.startup._GLOBAL__sub_I_AFMS
                0x0008035c       0x54 AFMSV2Driver.o
 .text._ZN18Adafruit_I2CDeviceC2EhP7TwoWire
                0x000803b0        0xe Adafruit_I2CDevice.o
                0x000803b0                Adafruit_I2CDevice::Adafruit_I2CDevice(unsigned char, TwoWire*)
                0x000803b0                Adafruit_I2CDevice::Adafruit_I2CDevice(unsigned char, TwoWire*)
 .text._ZN18Adafruit_I2CDevice8detectedEv
                0x000803be       0x28 Adafruit_I2CDevice.o
                0x000803be                Adafruit_I2CDevice::detected()
 .text._ZN18Adafruit_I2CDevice5beginEb
                0x000803e6       0x1e Adafruit_I2CDevice.o
                0x000803e6                Adafruit_I2CDevice::begin(bool)
 .text._ZN18Adafruit_I2CDevice5writeEPKhjbS1_j
                0x00080404       0x62 Adafruit_I2CDevice.o
                0x00080404                Adafruit_I2CDevice::write(unsigned char const*, unsigned int, bool, unsigned char const*, unsigned int)
 .text._ZN18Adafruit_I2CDevice5_readEPhjb
                0x00080466       0x40 Adafruit_I2CDevice.o
                0x00080466                Adafruit_I2CDevice::_read(unsigned char*, unsigned int, bool)
 .text._ZN18Adafruit_I2CDevice4readEPhjb
                0x000804a6       0x3e Adafruit_I2CDevice.o
                0x000804a6                Adafruit_I2CDevice::read(unsigned char*, unsigned int, bool)
 .text._ZN18Adafruit_I2CDevice15write_then_readEPKhjPhjb
                0x000804e4       0x2e Adafruit_I2CDevice.o
                0x000804e4                Adafruit_I2CDevice::write_then_read(unsigned char const*, unsigned int, unsigned char*, unsigned int, bool)
 .text._ZN20Adafruit_MotorShield6setPinEhb.part.1
                0x00080512        0xa Adafruit_MotorShield.o
 .text._ZN20Adafruit_MotorShield5beginEtP7TwoWire
                0x0008051c       0x58 Adafruit_MotorShield.o
                0x0008051c                Adafruit_MotorShield::begin(unsigned short, TwoWire*)
 .text._ZN20Adafruit_MotorShield6setPWMEht
                0x00080574       0x18 Adafruit_MotorShield.o
                0x00080574                Adafruit_MotorShield::setPWM(unsigned char, unsigned short)
 .text._ZN20Adafruit_MotorShield6setPinEhb
                0x0008058c       0x12 Adafruit_MotorShield.o
                0x0008058c                Adafruit_MotorShield::setPin(unsigned char, bool)
 .text._ZN20Adafruit_MotorShield8getMotorEh
                0x0008059e       0x5e Adafruit_MotorShield.o
                0x0008059e                Adafruit_MotorShield::getMotor(unsigned char)
 .text._ZN16Adafruit_DCMotorC2Ev
                0x000805fc        0xe Adafruit_MotorShield.o
                0x000805fc                Adafruit_DCMotor::Adafruit_DCMotor()
                0x000805fc                Adafruit_DCMotor::Adafruit_DCMotor()
 .text._ZN20Adafruit_MotorShieldC2Eh
                0x0008060a       0x40 Adafruit_MotorShield.o
                0x0008060a                Adafruit_MotorShield::Adafruit_MotorShield(unsigned char)
                0x0008060a                Adafruit_MotorShield::Adafruit_MotorShield(unsigned char)
 .text._ZN16Adafruit_DCMotor3runEh
                0x0008064a       0x4e Adafruit_MotorShield.o
                0x0008064a                Adafruit_DCMotor::run(unsigned char)
 .text._ZN16Adafruit_DCMotor12setSpeedFineEt
                0x00080698       0x14 Adafruit_MotorShield.o
                0x00080698                Adafruit_DCMotor::setSpeedFine(unsigned short)
 .text._ZN26Adafruit_MS_PWMServoDriverC2Eh
                0x000806ac        0x8 Adafruit_MS_PWMServoDriver.o
                0x000806ac                Adafruit_MS_PWMServoDriver::Adafruit_MS_PWMServoDriver(unsigned char)
                0x000806ac                Adafruit_MS_PWMServoDriver::Adafruit_MS_PWMServoDriver(unsigned char)
 .text._ZN26Adafruit_MS_PWMServoDriver6setPWMEhtt
                0x000806b4       0x36 Adafruit_MS_PWMServoDriver.o
                0x000806b4                Adafruit_MS_PWMServoDriver::setPWM(unsigned char, unsigned short, unsigned short)
 .text._ZN26Adafruit_MS_PWMServoDriver5read8Eh
                0x000806ea       0x22 Adafruit_MS_PWMServoDriver.o
                0x000806ea                Adafruit_MS_PWMServoDriver::read8(unsigned char)
 .text._ZN26Adafruit_MS_PWMServoDriver6write8Ehh
                0x0008070c       0x22 Adafruit_MS_PWMServoDriver.o
                0x0008070c                Adafruit_MS_PWMServoDriver::write8(unsigned char, unsigned char)
 .text._ZN26Adafruit_MS_PWMServoDriver5resetEv
                0x0008072e        0x8 Adafruit_MS_PWMServoDriver.o
                0x0008072e                Adafruit_MS_PWMServoDriver::reset()
 .text._ZN26Adafruit_MS_PWMServoDriver5beginEP7TwoWire
                0x00080736       0x36 Adafruit_MS_PWMServoDriver.o
                0x00080736                Adafruit_MS_PWMServoDriver::begin(TwoWire*)
 *fill*         0x0008076c        0x4 
 .text._ZN26Adafruit_MS_PWMServoDriver10setPWMFreqEf
                0x00080770       0xa0 Adafruit_MS_PWMServoDriver.o
                0x00080770                Adafruit_MS_PWMServoDriver::setPWMFreq(float)
 .text._ZL10SPI_0_Initv
                0x00080810       0x48 SPI.o
 .text.startup._GLOBAL__sub_I__ZN8SPIClassC2EP3SpimPFvvE
                0x00080858       0x24 SPI.o
 .text._ZN7TwoWire5writeEPKhj
                0x0008087c       0x50 Wire.o
                0x0008087c                TwoWire::write(unsigned char const*, unsigned int)
 .text._ZN7TwoWire9availableEv
                0x000808cc        0xc Wire.o
                0x000808cc                TwoWire::available()
 .text._ZN7TwoWire4readEv
                0x000808d8       0x1e Wire.o
                0x000808d8                TwoWire::read()
 .text._ZN7TwoWire4peekEv
                0x000808f6       0x16 Wire.o
                0x000808f6                TwoWire::peek()
 .text._ZN7TwoWire5flushEv
                0x0008090c        0x2 Wire.o
                0x0008090c                TwoWire::flush()
 .text._ZN7TwoWire5writeEh
                0x0008090e       0x3a Wire.o
                0x0008090e                TwoWire::write(unsigned char)
 .text._ZL16TWI_WaitByteSentP3Twim.constprop.3
                0x00080948       0x2c Wire.o
 .text._ZL24TWI_WaitTransferCompleteP3Twim.constprop.4
                0x00080974       0x2c Wire.o
 .text._ZL9Wire_Initv
                0x000809a0       0x54 Wire.o
 .text._ZL12Wire1_Deinitv
                0x000809f4       0x18 Wire.o
 .text._ZL11Wire_Deinitv
                0x00080a0c       0x18 Wire.o
 .text._ZL10Wire1_Initv
                0x00080a24       0x54 Wire.o
 .text._ZN7TwoWireC2EP3TwiPFvvES3_
                0x00080a78       0x48 Wire.o
                0x00080a78                TwoWire::TwoWire(Twi*, void (*)(), void (*)())
                0x00080a78                TwoWire::TwoWire(Twi*, void (*)(), void (*)())
 .text._ZN7TwoWire5beginEv
                0x00080ac0       0x30 Wire.o
                0x00080ac0                TwoWire::begin()
 .text._ZN7TwoWire11requestFromEhhmhh
                0x00080af0       0x78 Wire.o
                0x00080af0                TwoWire::requestFrom(unsigned char, unsigned char, unsigned long, unsigned char, unsigned char)
 .text._ZN7TwoWire11requestFromEhhh
                0x00080b68       0x12 Wire.o
                0x00080b68                TwoWire::requestFrom(unsigned char, unsigned char, unsigned char)
 .text._ZN7TwoWire17beginTransmissionEh
                0x00080b7a       0x12 Wire.o
                0x00080b7a                TwoWire::beginTransmission(unsigned char)
 .text._ZN7TwoWire15endTransmissionEh
                0x00080b8c       0x82 Wire.o
                0x00080b8c                TwoWire::endTransmission(unsigned char)
 .text._ZN7TwoWire15endTransmissionEv
                0x00080c0e        0x6 Wire.o
                0x00080c0e                TwoWire::endTransmission()
 .text._ZN7TwoWire9onServiceEv
                0x00080c14      0x118 Wire.o
                0x00080c14                TwoWire::onService()
 .text.TWI1_Handler
                0x00080d2c        0xc Wire.o
                0x00080d2c                TWI1_Handler
 .text.TWI0_Handler
                0x00080d38        0xc Wire.o
                0x00080d38                TWI0_Handler
 .text.startup._GLOBAL__sub_I__ZN7TwoWireC2EP3TwiPFvvES3_
                0x00080d44       0x40 Wire.o
 .text.AFMSV2_Driver_Motor_Test_step
                0x00080d84       0x64 AFMSV2_Driver_Motor_Test.o
                0x00080d84                AFMSV2_Driver_Motor_Test_step
 .text.AFMSV2_Driver_Motor_Test_initialize
                0x00080de8       0x5c AFMSV2_Driver_Motor_Test.o
                0x00080de8                AFMSV2_Driver_Motor_Test_initialize
 .text.AFMSV2_Driver_Motor_Test_terminate
                0x00080e44       0x10 AFMSV2_Driver_Motor_Test.o
                0x00080e44                AFMSV2_Driver_Motor_Test_terminate
 .text.rtGetInf
                0x00080e54        0xc rtGetInf.o
                0x00080e54                rtGetInf
 .text.rtGetInfF
                0x00080e60        0x6 rtGetInf.o
                0x00080e60                rtGetInfF
 *fill*         0x00080e66        0x2 
 .text.rtGetMinusInf
                0x00080e68        0xc rtGetInf.o
                0x00080e68                rtGetMinusInf
 .text.rtGetMinusInfF
                0x00080e74        0x8 rtGetInf.o
                0x00080e74                rtGetMinusInfF
 .text.rtGetNaN
                0x00080e7c        0xc rtGetNaN.o
                0x00080e7c                rtGetNaN
 .text.rtGetNaNF
                0x00080e88        0x8 rtGetNaN.o
                0x00080e88                rtGetNaNF
 .text.rt_InitInfAndNaN
                0x00080e90       0x54 rt_nonfinite.o
                0x00080e90                rt_InitInfAndNaN
 .text.rtIsInf  0x00080ee4       0x38 rt_nonfinite.o
                0x00080ee4                rtIsInf
 .text.rtIsNaN  0x00080f1c       0x28 rt_nonfinite.o
                0x00080f1c                rtIsNaN
 .text.__halt   0x00080f44        0x2 arm_m3_cortex_handler.o
                0x00080f44                DACC_Handler
                0x00080f44                DebugMon_Handler
                0x00080f44                DMAC_Handler
                0x00080f44                TRNG_Handler
                0x00080f44                HardFault_Handler
                0x00080f44                TC2_Handler
                0x00080f44                NMI_Handler
                0x00080f44                TC7_Handler
                0x00080f44                ADC_Handler
                0x00080f44                SMC_Handler
                0x00080f44                RTT_Handler
                0x00080f44                EFC1_Handler
                0x00080f44                PIOB_Handler
                0x00080f44                RTC_Handler
                0x00080f44                UsageFault_Handler
                0x00080f44                TC6_Handler
                0x00080f44                WDT_Handler
                0x00080f44                CAN0_Handler
                0x00080f44                TC4_Handler
                0x00080f44                TC1_Handler
                0x00080f44                HSMCI_Handler
                0x00080f44                TC3_Handler
                0x00080f44                PIOA_Handler
                0x00080f44                SSC_Handler
                0x00080f44                EFC0_Handler
                0x00080f44                PMC_Handler
                0x00080f44                PWM_Handler
                0x00080f44                CAN1_Handler
                0x00080f44                MemManage_Handler
                0x00080f44                SUPC_Handler
                0x00080f44                USART2_Handler
                0x00080f44                PIOD_Handler
                0x00080f44                EMAC_Handler
                0x00080f44                PIOC_Handler
                0x00080f44                BusFault_Handler
                0x00080f44                RSTC_Handler
                0x00080f44                TC0_Handler
                0x00080f44                TC5_Handler
                0x00080f44                SPI0_Handler
 .text.SysTick_Handler
                0x00080f46       0x16 arm_m3_cortex_handler.o
                0x00080f46                SysTick_Handler
 .text.MW_Arduino_Init
                0x00080f5c       0x14 MW_ArduinoHWInit.o
                0x00080f5c                MW_Arduino_Init
 .text.MW_Arduino_Terminate
                0x00080f70        0x2 MW_ArduinoHWInit.o
                0x00080f70                MW_Arduino_Terminate
 *fill*         0x00080f72        0x2 
 .text.Serial_begin
                0x00080f74       0x34 io_wrappers.o
                0x00080f74                Serial_begin
 .text._ZL13Scheduler_Isrv
                0x00080fa8       0x14 arduinoARMScheduler.o
 .text.TC8_Handler
                0x00080fbc       0x20 arduinoARMScheduler.o
                0x00080fbc                TC8_Handler
 .text.Setup_SchedulerTimer
                0x00080fdc       0x84 arduinoARMScheduler.o
                0x00080fdc                Setup_SchedulerTimer
 .text.configureArduinoARMTimer
                0x00081060       0x40 arduinoARMScheduler.o
                0x00081060                configureArduinoARMTimer
 .text.MW_Arduino_Loop
                0x000810a0        0x4 arduinoARMScheduler.o
                0x000810a0                MW_Arduino_Loop
 .text.PendSV_Handler
                0x000810a4       0x3c m3m4m4f_multitasking.o
                0x000810a4                PendSV_Handler
 .text.SVC_Handler
                0x000810e0       0x4c m3m4m4f_multitasking.o
                0x000810e0                SVC_Handler
 .text.rt_OneStep
                0x0008112c       0x30 ert_main.o
                0x0008112c                rt_OneStep
 .text.startup.main
                0x0008115c       0x6c ert_main.o
                0x0008115c                main
 .text.__empty  0x000811c8        0x2 C:/Users/Rafael/DOCUME~1/MATLAB/R2021b/ARDUIN~1/ARDUIN~1/FASTER~1/libcore.a(hooks.o)
                0x000811c8                yield
 .text.__false  0x000811ca        0x4 C:/Users/Rafael/DOCUME~1/MATLAB/R2021b/ARDUIN~1/ARDUIN~1/FASTER~1/libcore.a(hooks.o)
                0x000811ca                sysTickHook
 *fill*         0x000811ce        0x2 
 .text._sbrk    0x000811d0       0x1c C:/Users/Rafael/DOCUME~1/MATLAB/R2021b/ARDUIN~1/ARDUIN~1/FASTER~1/libcore.a(syscalls_sam3.o)
                0x000811d0                _sbrk
 .text.link     0x000811ec        0x6 C:/Users/Rafael/DOCUME~1/MATLAB/R2021b/ARDUIN~1/ARDUIN~1/FASTER~1/libcore.a(syscalls_sam3.o)
                0x000811ec                link
 .text._close   0x000811f2        0x6 C:/Users/Rafael/DOCUME~1/MATLAB/R2021b/ARDUIN~1/ARDUIN~1/FASTER~1/libcore.a(syscalls_sam3.o)
                0x000811f2                _close
 .text._fstat   0x000811f8        0xa C:/Users/Rafael/DOCUME~1/MATLAB/R2021b/ARDUIN~1/ARDUIN~1/FASTER~1/libcore.a(syscalls_sam3.o)
                0x000811f8                _fstat
 .text._isatty  0x00081202        0x4 C:/Users/Rafael/DOCUME~1/MATLAB/R2021b/ARDUIN~1/ARDUIN~1/FASTER~1/libcore.a(syscalls_sam3.o)
                0x00081202                _isatty
 .text._lseek   0x00081206        0x4 C:/Users/Rafael/DOCUME~1/MATLAB/R2021b/ARDUIN~1/ARDUIN~1/FASTER~1/libcore.a(syscalls_sam3.o)
                0x00081206                _lseek
 .text._read    0x0008120a        0x4 C:/Users/Rafael/DOCUME~1/MATLAB/R2021b/ARDUIN~1/ARDUIN~1/FASTER~1/libcore.a(syscalls_sam3.o)
                0x0008120a                _read
 *fill*         0x0008120e        0x2 
 .text._write   0x00081210       0x24 C:/Users/Rafael/DOCUME~1/MATLAB/R2021b/ARDUIN~1/ARDUIN~1/FASTER~1/libcore.a(syscalls_sam3.o)
                0x00081210                _write
 .text._exit    0x00081234        0x2 C:/Users/Rafael/DOCUME~1/MATLAB/R2021b/ARDUIN~1/ARDUIN~1/FASTER~1/libcore.a(syscalls_sam3.o)
                0x00081234                _exit
 .text._kill    0x00081236        0x2 C:/Users/Rafael/DOCUME~1/MATLAB/R2021b/ARDUIN~1/ARDUIN~1/FASTER~1/libcore.a(syscalls_sam3.o)
                0x00081236                _kill
 .text._getpid  0x00081238        0x6 C:/Users/Rafael/DOCUME~1/MATLAB/R2021b/ARDUIN~1/ARDUIN~1/FASTER~1/libcore.a(syscalls_sam3.o)
                0x00081238                _getpid
 .text.delay    0x0008123e       0x1c C:/Users/Rafael/DOCUME~1/MATLAB/R2021b/ARDUIN~1/ARDUIN~1/FASTER~1/libcore.a(wiring.o)
                0x0008123e                delay
 *fill*         0x0008125a        0x2 
 .text.pinMode  0x0008125c      0x108 C:/Users/Rafael/DOCUME~1/MATLAB/R2021b/ARDUIN~1/ARDUIN~1/FASTER~1/libcore.a(wiring_digital.o)
                0x0008125c                pinMode
 .text.digitalWrite
                0x00081364       0x70 C:/Users/Rafael/DOCUME~1/MATLAB/R2021b/ARDUIN~1/ARDUIN~1/FASTER~1/libcore.a(wiring_digital.o)
                0x00081364                digitalWrite
 .text._Znwj    0x000813d4        0x4 C:/Users/Rafael/DOCUME~1/MATLAB/R2021b/ARDUIN~1/ARDUIN~1/FASTER~1/libcore.a(new.o)
                0x000813d4                operator new(unsigned int)
 .text._ZdlPv   0x000813d8        0x4 C:/Users/Rafael/DOCUME~1/MATLAB/R2021b/ARDUIN~1/ARDUIN~1/FASTER~1/libcore.a(new.o)
                0x000813d8                operator delete(void*)
 .text._ZN5Print5writeEPKhj
                0x000813dc       0x22 C:/Users/Rafael/DOCUME~1/MATLAB/R2021b/ARDUIN~1/ARDUIN~1/FASTER~1/libcore.a(Print.o)
                0x000813dc                Print::write(unsigned char const*, unsigned int)
 *fill*         0x000813fe        0x2 
 .text.tickReset
                0x00081400       0x20 C:/Users/Rafael/DOCUME~1/MATLAB/R2021b/ARDUIN~1/ARDUIN~1/FASTER~1/libcore.a(Reset.o)
                0x00081400                tickReset
 .text._ZN9UARTClasscvbEv
                0x00081420        0x4 C:/Users/Rafael/DOCUME~1/MATLAB/R2021b/ARDUIN~1/ARDUIN~1/FASTER~1/libcore.a(UARTClass.o)
                0x00081420                UARTClass::operator bool()
 .text._ZN9UARTClass9availableEv
                0x00081424       0x12 C:/Users/Rafael/DOCUME~1/MATLAB/R2021b/ARDUIN~1/ARDUIN~1/FASTER~1/libcore.a(UARTClass.o)
                0x00081424                UARTClass::available()
 .text._ZN9UARTClass4peekEv
                0x00081436       0x1c C:/Users/Rafael/DOCUME~1/MATLAB/R2021b/ARDUIN~1/ARDUIN~1/FASTER~1/libcore.a(UARTClass.o)
                0x00081436                UARTClass::peek()
 .text._ZN9UARTClass4readEv
                0x00081452       0x2a C:/Users/Rafael/DOCUME~1/MATLAB/R2021b/ARDUIN~1/ARDUIN~1/FASTER~1/libcore.a(UARTClass.o)
                0x00081452                UARTClass::read()
 .text._ZN9UARTClass5flushEv
                0x0008147c       0x18 C:/Users/Rafael/DOCUME~1/MATLAB/R2021b/ARDUIN~1/ARDUIN~1/FASTER~1/libcore.a(UARTClass.o)
                0x0008147c                UARTClass::flush()
 .text._ZN9UARTClass5writeEh
                0x00081494       0x54 C:/Users/Rafael/DOCUME~1/MATLAB/R2021b/ARDUIN~1/ARDUIN~1/FASTER~1/libcore.a(UARTClass.o)
                0x00081494                UARTClass::write(unsigned char)
 .text._ZN9UARTClass3endEv
                0x000814e8       0x3c C:/Users/Rafael/DOCUME~1/MATLAB/R2021b/ARDUIN~1/ARDUIN~1/FASTER~1/libcore.a(UARTClass.o)
                0x000814e8                UARTClass::end()
 .text._ZN9UARTClassC2EP4Uart4IRQnmP10RingBufferS4_
                0x00081524       0x24 C:/Users/Rafael/DOCUME~1/MATLAB/R2021b/ARDUIN~1/ARDUIN~1/FASTER~1/libcore.a(UARTClass.o)
                0x00081524                UARTClass::UARTClass(Uart*, IRQn, unsigned long, RingBuffer*, RingBuffer*)
                0x00081524                UARTClass::UARTClass(Uart*, IRQn, unsigned long, RingBuffer*, RingBuffer*)
 .text._ZN9UARTClass4initEmm
                0x00081548       0x70 C:/Users/Rafael/DOCUME~1/MATLAB/R2021b/ARDUIN~1/ARDUIN~1/FASTER~1/libcore.a(UARTClass.o)
                0x00081548                UARTClass::init(unsigned long, unsigned long)
 .text._ZN9UARTClass5beginEm
                0x000815b8        0x8 C:/Users/Rafael/DOCUME~1/MATLAB/R2021b/ARDUIN~1/ARDUIN~1/FASTER~1/libcore.a(UARTClass.o)
                0x000815b8                UARTClass::begin(unsigned long)
 .text._ZN9UARTClass10IrqHandlerEv
                0x000815c0       0x5a C:/Users/Rafael/DOCUME~1/MATLAB/R2021b/ARDUIN~1/ARDUIN~1/FASTER~1/libcore.a(UARTClass.o)
                0x000815c0                UARTClass::IrqHandler()
 .text._ZN10USARTClass5beginEm
                0x0008161a        0x8 C:/Users/Rafael/DOCUME~1/MATLAB/R2021b/ARDUIN~1/ARDUIN~1/FASTER~1/libcore.a(USARTClass.o)
                0x0008161a                USARTClass::begin(unsigned long)
 *fill*         0x00081622        0x2 
 .text._ZN10USARTClassC2EP5Usart4IRQnmP10RingBufferS4_
                0x00081624       0x24 C:/Users/Rafael/DOCUME~1/MATLAB/R2021b/ARDUIN~1/ARDUIN~1/FASTER~1/libcore.a(USARTClass.o)
                0x00081624                USARTClass::USARTClass(Usart*, IRQn, unsigned long, RingBuffer*, RingBuffer*)
                0x00081624                USARTClass::USARTClass(Usart*, IRQn, unsigned long, RingBuffer*, RingBuffer*)
 .text._Z15watchdogDisablev
                0x00081648        0xc C:/Users/Rafael/DOCUME~1/MATLAB/R2021b/ARDUIN~1/ARDUIN~1/FASTER~1/libcore.a(watchdog.o)
                0x00081648                watchdogDisable()
 .text.UART_Handler
                0x00081654        0xc C:/Users/Rafael/DOCUME~1/MATLAB/R2021b/ARDUIN~1/ARDUIN~1/FASTER~1/libcore.a(variant.o)
                0x00081654                UART_Handler
 .text.USART0_Handler
                0x00081660        0xc C:/Users/Rafael/DOCUME~1/MATLAB/R2021b/ARDUIN~1/ARDUIN~1/FASTER~1/libcore.a(variant.o)
                0x00081660                USART0_Handler
 .text.USART1_Handler
                0x0008166c        0xc C:/Users/Rafael/DOCUME~1/MATLAB/R2021b/ARDUIN~1/ARDUIN~1/FASTER~1/libcore.a(variant.o)
                0x0008166c                USART1_Handler
 .text.USART3_Handler
                0x00081678        0xc C:/Users/Rafael/DOCUME~1/MATLAB/R2021b/ARDUIN~1/ARDUIN~1/FASTER~1/libcore.a(variant.o)
                0x00081678                USART3_Handler
 .text.init     0x00081684      0x128 C:/Users/Rafael/DOCUME~1/MATLAB/R2021b/ARDUIN~1/ARDUIN~1/FASTER~1/libcore.a(variant.o)
                0x00081684                init
 .text.startup._GLOBAL__sub_I_g_APinDescription
                0x000817ac       0xd4 C:/Users/Rafael/DOCUME~1/MATLAB/R2021b/ARDUIN~1/ARDUIN~1/FASTER~1/libcore.a(variant.o)
 .text.analogOutputInit
                0x00081880        0x2 C:/Users/Rafael/DOCUME~1/MATLAB/R2021b/ARDUIN~1/ARDUIN~1/FASTER~1/libcore.a(wiring_analog.o)
                0x00081880                analogOutputInit
 .text._ZN10RingBufferC2Ev
                0x00081882       0x1a C:/Users/Rafael/DOCUME~1/MATLAB/R2021b/ARDUIN~1/ARDUIN~1/FASTER~1/libcore.a(RingBuffer.o)
                0x00081882                RingBuffer::RingBuffer()
                0x00081882                RingBuffer::RingBuffer()
 .text._ZN10RingBuffer10store_charEh
                0x0008189c       0x1e C:/Users/Rafael/DOCUME~1/MATLAB/R2021b/ARDUIN~1/ARDUIN~1/FASTER~1/libcore.a(RingBuffer.o)
                0x0008189c                RingBuffer::store_char(unsigned char)
 .text.PIO_PullUp
                0x000818ba        0xa C:/ProgramData/MATLAB/SupportPackages/R2021b/aIDE/portable/packages/arduino/hardware/sam/1.6.12/variants/arduino_due_x/libsam_sam3x8e_gcc_rel.a(pio.o)
                0x000818ba                PIO_PullUp
 .text.PIO_SetPeripheral
                0x000818c4       0x26 C:/ProgramData/MATLAB/SupportPackages/R2021b/aIDE/portable/packages/arduino/hardware/sam/1.6.12/variants/arduino_due_x/libsam_sam3x8e_gcc_rel.a(pio.o)
                0x000818c4                PIO_SetPeripheral
 .text.PIO_SetInput
                0x000818ea       0x26 C:/ProgramData/MATLAB/SupportPackages/R2021b/aIDE/portable/packages/arduino/hardware/sam/1.6.12/variants/arduino_due_x/libsam_sam3x8e_gcc_rel.a(pio.o)
                0x000818ea                PIO_SetInput
 .text.PIO_SetOutput
                0x00081910       0x24 C:/ProgramData/MATLAB/SupportPackages/R2021b/aIDE/portable/packages/arduino/hardware/sam/1.6.12/variants/arduino_due_x/libsam_sam3x8e_gcc_rel.a(pio.o)
                0x00081910                PIO_SetOutput
 .text.PIO_Configure
                0x00081934       0x64 C:/ProgramData/MATLAB/SupportPackages/R2021b/aIDE/portable/packages/arduino/hardware/sam/1.6.12/variants/arduino_due_x/libsam_sam3x8e_gcc_rel.a(pio.o)
                0x00081934                PIO_Configure
 .text.PIO_GetOutputDataStatus
                0x00081998       0x14 C:/ProgramData/MATLAB/SupportPackages/R2021b/aIDE/portable/packages/arduino/hardware/sam/1.6.12/variants/arduino_due_x/libsam_sam3x8e_gcc_rel.a(pio.o)
                0x00081998                PIO_GetOutputDataStatus
 .text.pmc_enable_periph_clk
                0x000819ac       0x44 C:/ProgramData/MATLAB/SupportPackages/R2021b/aIDE/portable/packages/arduino/hardware/sam/1.6.12/variants/arduino_due_x/libsam_sam3x8e_gcc_rel.a(pmc.o)
                0x000819ac                pmc_enable_periph_clk
 .text.pmc_disable_periph_clk
                0x000819f0       0x40 C:/ProgramData/MATLAB/SupportPackages/R2021b/aIDE/portable/packages/arduino/hardware/sam/1.6.12/variants/arduino_due_x/libsam_sam3x8e_gcc_rel.a(pmc.o)
                0x000819f0                pmc_disable_periph_clk
 .text.pmc_set_writeprotect
                0x00081a30       0x1c C:/ProgramData/MATLAB/SupportPackages/R2021b/aIDE/portable/packages/arduino/hardware/sam/1.6.12/variants/arduino_due_x/libsam_sam3x8e_gcc_rel.a(pmc.o)
                0x00081a30                pmc_set_writeprotect
 .text.TC_Configure
                0x00081a4c       0x38 C:/ProgramData/MATLAB/SupportPackages/R2021b/aIDE/portable/packages/arduino/hardware/sam/1.6.12/variants/arduino_due_x/libsam_sam3x8e_gcc_rel.a(tc.o)
                0x00081a4c                TC_Configure
 .text.TC_Start
                0x00081a84       0x2c C:/ProgramData/MATLAB/SupportPackages/R2021b/aIDE/portable/packages/arduino/hardware/sam/1.6.12/variants/arduino_due_x/libsam_sam3x8e_gcc_rel.a(tc.o)
                0x00081a84                TC_Start
 .text.TC_GetStatus
                0x00081ab0        0x8 C:/ProgramData/MATLAB/SupportPackages/R2021b/aIDE/portable/packages/arduino/hardware/sam/1.6.12/variants/arduino_due_x/libsam_sam3x8e_gcc_rel.a(tc.o)
                0x00081ab0                TC_GetStatus
 .text.TC_SetRC
                0x00081ab8        0x8 C:/ProgramData/MATLAB/SupportPackages/R2021b/aIDE/portable/packages/arduino/hardware/sam/1.6.12/variants/arduino_due_x/libsam_sam3x8e_gcc_rel.a(tc.o)
                0x00081ab8                TC_SetRC
 .text.TimeTick_Increment
                0x00081ac0       0x10 C:/ProgramData/MATLAB/SupportPackages/R2021b/aIDE/portable/packages/arduino/hardware/sam/1.6.12/variants/arduino_due_x/libsam_sam3x8e_gcc_rel.a(timetick.o)
                0x00081ac0                TimeTick_Increment
 .text.GetTickCount
                0x00081ad0        0xc C:/ProgramData/MATLAB/SupportPackages/R2021b/aIDE/portable/packages/arduino/hardware/sam/1.6.12/variants/arduino_due_x/libsam_sam3x8e_gcc_rel.a(timetick.o)
                0x00081ad0                GetTickCount
 .text.TWI_SetClock
                0x00081adc       0x58 C:/ProgramData/MATLAB/SupportPackages/R2021b/aIDE/portable/packages/arduino/hardware/sam/1.6.12/variants/arduino_due_x/libsam_sam3x8e_gcc_rel.a(twi.o)
                0x00081adc                TWI_SetClock
 .text.TWI_Disable
                0x00081b34       0x2c C:/ProgramData/MATLAB/SupportPackages/R2021b/aIDE/portable/packages/arduino/hardware/sam/1.6.12/variants/arduino_due_x/libsam_sam3x8e_gcc_rel.a(twi.o)
                0x00081b34                TWI_Disable
 .text.TWI_ConfigureMaster
                0x00081b60       0x48 C:/ProgramData/MATLAB/SupportPackages/R2021b/aIDE/portable/packages/arduino/hardware/sam/1.6.12/variants/arduino_due_x/libsam_sam3x8e_gcc_rel.a(twi.o)
                0x00081b60                TWI_ConfigureMaster
 .text.TWI_Stop
                0x00081ba8       0x28 C:/ProgramData/MATLAB/SupportPackages/R2021b/aIDE/portable/packages/arduino/hardware/sam/1.6.12/variants/arduino_due_x/libsam_sam3x8e_gcc_rel.a(twi.o)
                0x00081ba8                TWI_Stop
 .text.TWI_StartRead
                0x00081bd0       0x70 C:/ProgramData/MATLAB/SupportPackages/R2021b/aIDE/portable/packages/arduino/hardware/sam/1.6.12/variants/arduino_due_x/libsam_sam3x8e_gcc_rel.a(twi.o)
                0x00081bd0                TWI_StartRead
 .text.TWI_ReadByte
                0x00081c40       0x28 C:/ProgramData/MATLAB/SupportPackages/R2021b/aIDE/portable/packages/arduino/hardware/sam/1.6.12/variants/arduino_due_x/libsam_sam3x8e_gcc_rel.a(twi.o)
                0x00081c40                TWI_ReadByte
 .text.TWI_WriteByte
                0x00081c68       0x24 C:/ProgramData/MATLAB/SupportPackages/R2021b/aIDE/portable/packages/arduino/hardware/sam/1.6.12/variants/arduino_due_x/libsam_sam3x8e_gcc_rel.a(twi.o)
                0x00081c68                TWI_WriteByte
 .text.TWI_StartWrite
                0x00081c8c       0x7c C:/ProgramData/MATLAB/SupportPackages/R2021b/aIDE/portable/packages/arduino/hardware/sam/1.6.12/variants/arduino_due_x/libsam_sam3x8e_gcc_rel.a(twi.o)
                0x00081c8c                TWI_StartWrite
 .text.TWI_EnableIt
                0x00081d08       0x40 C:/ProgramData/MATLAB/SupportPackages/R2021b/aIDE/portable/packages/arduino/hardware/sam/1.6.12/variants/arduino_due_x/libsam_sam3x8e_gcc_rel.a(twi.o)
                0x00081d08                TWI_EnableIt
 .text.TWI_DisableIt
                0x00081d48       0x40 C:/ProgramData/MATLAB/SupportPackages/R2021b/aIDE/portable/packages/arduino/hardware/sam/1.6.12/variants/arduino_due_x/libsam_sam3x8e_gcc_rel.a(twi.o)
                0x00081d48                TWI_DisableIt
 .text.TWI_GetStatus
                0x00081d88       0x28 C:/ProgramData/MATLAB/SupportPackages/R2021b/aIDE/portable/packages/arduino/hardware/sam/1.6.12/variants/arduino_due_x/libsam_sam3x8e_gcc_rel.a(twi.o)
                0x00081d88                TWI_GetStatus
 .text.TWI_SendSTOPCondition
                0x00081db0       0x2c C:/ProgramData/MATLAB/SupportPackages/R2021b/aIDE/portable/packages/arduino/hardware/sam/1.6.12/variants/arduino_due_x/libsam_sam3x8e_gcc_rel.a(twi.o)
                0x00081db0                TWI_SendSTOPCondition
 .text.WDT_Disable
                0x00081ddc        0x8 C:/ProgramData/MATLAB/SupportPackages/R2021b/aIDE/portable/packages/arduino/hardware/sam/1.6.12/variants/arduino_due_x/libsam_sam3x8e_gcc_rel.a(wdt.o)
                0x00081ddc                WDT_Disable
 .text.SystemInit
                0x00081de4       0x88 C:/ProgramData/MATLAB/SupportPackages/R2021b/aIDE/portable/packages/arduino/hardware/sam/1.6.12/variants/arduino_due_x/libsam_sam3x8e_gcc_rel.a(system_sam3xa.o)
                0x00081de4                SystemInit
 .text.adc_init
                0x00081e6c       0x98 C:/ProgramData/MATLAB/SupportPackages/R2021b/aIDE/portable/packages/arduino/hardware/sam/1.6.12/variants/arduino_due_x/libsam_sam3x8e_gcc_rel.a(adc.o)
                0x00081e6c                adc_init
 .text.adc_configure_trigger
                0x00081f04        0xe C:/ProgramData/MATLAB/SupportPackages/R2021b/aIDE/portable/packages/arduino/hardware/sam/1.6.12/variants/arduino_due_x/libsam_sam3x8e_gcc_rel.a(adc.o)
                0x00081f04                adc_configure_trigger
 .text.adc_configure_timing
                0x00081f12       0x1a C:/ProgramData/MATLAB/SupportPackages/R2021b/aIDE/portable/packages/arduino/hardware/sam/1.6.12/variants/arduino_due_x/libsam_sam3x8e_gcc_rel.a(adc.o)
                0x00081f12                adc_configure_timing
 .text.adc_disable_channel
                0x00081f2c        0xa C:/ProgramData/MATLAB/SupportPackages/R2021b/aIDE/portable/packages/arduino/hardware/sam/1.6.12/variants/arduino_due_x/libsam_sam3x8e_gcc_rel.a(adc.o)
                0x00081f2c                adc_disable_channel
 .text.adc_disable_all_channel
                0x00081f36        0x8 C:/ProgramData/MATLAB/SupportPackages/R2021b/aIDE/portable/packages/arduino/hardware/sam/1.6.12/variants/arduino_due_x/libsam_sam3x8e_gcc_rel.a(adc.o)
                0x00081f36                adc_disable_all_channel
 .text.adc_disable_interrupt
                0x00081f3e        0x4 C:/ProgramData/MATLAB/SupportPackages/R2021b/aIDE/portable/packages/arduino/hardware/sam/1.6.12/variants/arduino_due_x/libsam_sam3x8e_gcc_rel.a(adc.o)
                0x00081f3e                adc_disable_interrupt
 *fill*         0x00081f42        0x6 
 .text.floor    0x00081f48      0x120 c:/programdata/matlab/supportpackages/r2021b/aide/portable/packages/arduino/tools/arm-none-eabi-gcc/4.8.3-2014q1/bin/../lib/gcc/arm-none-eabi/4.8.3/../../../../arm-none-eabi/lib/armv7-m\libm.a(lib_a-s_floor.o)
                0x00081f48                floor
 .text          0x00082068      0x370 c:/programdata/matlab/supportpackages/r2021b/aide/portable/packages/arduino/tools/arm-none-eabi-gcc/4.8.3-2014q1/bin/../lib/gcc/arm-none-eabi/4.8.3/armv7-m\libgcc.a(_arm_addsubdf3.o)
                0x00082068                __aeabi_drsub
                0x00082070                __aeabi_dsub
                0x00082070                __subdf3
                0x00082074                __aeabi_dadd
                0x00082074                __adddf3
                0x000822ec                __floatunsidf
                0x000822ec                __aeabi_ui2d
                0x0008230c                __floatsidf
                0x0008230c                __aeabi_i2d
                0x00082330                __aeabi_f2d
                0x00082330                __extendsfdf2
                0x0008236c                __floatundidf
                0x0008236c                __aeabi_ul2d
                0x0008237c                __floatdidf
                0x0008237c                __aeabi_l2d
 .text          0x000823d8      0x424 c:/programdata/matlab/supportpackages/r2021b/aide/portable/packages/arduino/tools/arm-none-eabi-gcc/4.8.3-2014q1/bin/../lib/gcc/arm-none-eabi/4.8.3/armv7-m\libgcc.a(_arm_muldivdf3.o)
                0x000823d8                __aeabi_dmul
                0x000823d8                __muldf3
                0x0008262c                __divdf3
                0x0008262c                __aeabi_ddiv
 .text          0x000827fc      0x110 c:/programdata/matlab/supportpackages/r2021b/aide/portable/packages/arduino/tools/arm-none-eabi-gcc/4.8.3-2014q1/bin/../lib/gcc/arm-none-eabi/4.8.3/armv7-m\libgcc.a(_arm_cmpdf2.o)
                0x000827fc                __gtdf2
                0x000827fc                __gedf2
                0x00082804                __ltdf2
                0x00082804                __ledf2
                0x0008280c                __nedf2
                0x0008280c                __eqdf2
                0x0008280c                __cmpdf2
                0x00082888                __aeabi_cdrcmple
                0x00082898                __aeabi_cdcmpeq
                0x00082898                __aeabi_cdcmple
                0x000828a8                __aeabi_dcmpeq
                0x000828bc                __aeabi_dcmplt
                0x000828d0                __aeabi_dcmple
                0x000828e4                __aeabi_dcmpge
                0x000828f8                __aeabi_dcmpgt
 .text          0x0008290c       0x50 c:/programdata/matlab/supportpackages/r2021b/aide/portable/packages/arduino/tools/arm-none-eabi-gcc/4.8.3-2014q1/bin/../lib/gcc/arm-none-eabi/4.8.3/armv7-m\libgcc.a(_arm_fixdfsi.o)
                0x0008290c                __aeabi_d2iz
                0x0008290c                __fixdfsi
 .text          0x0008295c       0x40 c:/programdata/matlab/supportpackages/r2021b/aide/portable/packages/arduino/tools/arm-none-eabi-gcc/4.8.3-2014q1/bin/../lib/gcc/arm-none-eabi/4.8.3/armv7-m\libgcc.a(_arm_fixunsdfsi.o)
                0x0008295c                __aeabi_d2uiz
                0x0008295c                __fixunsdfsi
 .text          0x0008299c       0xa0 c:/programdata/matlab/supportpackages/r2021b/aide/portable/packages/arduino/tools/arm-none-eabi-gcc/4.8.3-2014q1/bin/../lib/gcc/arm-none-eabi/4.8.3/armv7-m\libgcc.a(_arm_truncdfsf2.o)
                0x0008299c                __truncdfsf2
                0x0008299c                __aeabi_d2f
 .text          0x00082a3c      0x21c c:/programdata/matlab/supportpackages/r2021b/aide/portable/packages/arduino/tools/arm-none-eabi-gcc/4.8.3-2014q1/bin/../lib/gcc/arm-none-eabi/4.8.3/armv7-m\libgcc.a(_arm_addsubsf3.o)
                0x00082a3c                __aeabi_frsub
                0x00082a44                __subsf3
                0x00082a44                __aeabi_fsub
                0x00082a48                __aeabi_fadd
                0x00082a48                __addsf3
                0x00082ba8                __aeabi_ui2f
                0x00082ba8                __floatunsisf
                0x00082bb0                __aeabi_i2f
                0x00082bb0                __floatsisf
                0x00082bcc                __aeabi_ul2f
                0x00082bcc                __floatundisf
                0x00082bdc                __aeabi_l2f
                0x00082bdc                __floatdisf
 .text          0x00082c58      0x2a0 c:/programdata/matlab/supportpackages/r2021b/aide/portable/packages/arduino/tools/arm-none-eabi-gcc/4.8.3-2014q1/bin/../lib/gcc/arm-none-eabi/4.8.3/armv7-m\libgcc.a(_arm_muldivsf3.o)
                0x00082c58                __mulsf3
                0x00082c58                __aeabi_fmul
                0x00082dc0                __aeabi_fdiv
                0x00082dc0                __divsf3
 .text.__assert_func
                0x00082ef8       0x3c c:/programdata/matlab/supportpackages/r2021b/aide/portable/packages/arduino/tools/arm-none-eabi-gcc/4.8.3-2014q1/bin/../lib/gcc/arm-none-eabi/4.8.3/../../../../arm-none-eabi/lib/armv7-m\libg.a(lib_a-assert.o)
                0x00082ef8                __assert_func
 .text.fiprintf
                0x00082f34       0x28 c:/programdata/matlab/supportpackages/r2021b/aide/portable/packages/arduino/tools/arm-none-eabi-gcc/4.8.3-2014q1/bin/../lib/gcc/arm-none-eabi/4.8.3/../../../../arm-none-eabi/lib/armv7-m\libg.a(lib_a-fiprintf.o)
                0x00082f34                fiprintf
 .text.__libc_init_array
                0x00082f5c       0x50 c:/programdata/matlab/supportpackages/r2021b/aide/portable/packages/arduino/tools/arm-none-eabi-gcc/4.8.3-2014q1/bin/../lib/gcc/arm-none-eabi/4.8.3/../../../../arm-none-eabi/lib/armv7-m\libg.a(lib_a-init.o)
                0x00082f5c                __libc_init_array
 .text.malloc   0x00082fac       0x10 c:/programdata/matlab/supportpackages/r2021b/aide/portable/packages/arduino/tools/arm-none-eabi-gcc/4.8.3-2014q1/bin/../lib/gcc/arm-none-eabi/4.8.3/../../../../arm-none-eabi/lib/armv7-m\libg.a(lib_a-malloc.o)
                0x00082fac                malloc
 .text.free     0x00082fbc       0x10 c:/programdata/matlab/supportpackages/r2021b/aide/portable/packages/arduino/tools/arm-none-eabi-gcc/4.8.3-2014q1/bin/../lib/gcc/arm-none-eabi/4.8.3/../../../../arm-none-eabi/lib/armv7-m\libg.a(lib_a-malloc.o)
                0x00082fbc                free
 .text._malloc_r
                0x00082fcc      0x538 c:/programdata/matlab/supportpackages/r2021b/aide/portable/packages/arduino/tools/arm-none-eabi-gcc/4.8.3-2014q1/bin/../lib/gcc/arm-none-eabi/4.8.3/../../../../arm-none-eabi/lib/armv7-m\libg.a(lib_a-mallocr.o)
                0x00082fcc                _malloc_r
 .text.memset   0x00083504       0x94 c:/programdata/matlab/supportpackages/r2021b/aide/portable/packages/arduino/tools/arm-none-eabi-gcc/4.8.3-2014q1/bin/../lib/gcc/arm-none-eabi/4.8.3/../../../../arm-none-eabi/lib/armv7-m\libg.a(lib_a-memset.o)
                0x00083504                memset
 .text.__malloc_lock
                0x00083598        0x4 c:/programdata/matlab/supportpackages/r2021b/aide/portable/packages/arduino/tools/arm-none-eabi-gcc/4.8.3-2014q1/bin/../lib/gcc/arm-none-eabi/4.8.3/../../../../arm-none-eabi/lib/armv7-m\libg.a(lib_a-mlock.o)
                0x00083598                __malloc_lock
 .text.__malloc_unlock
                0x0008359c        0x4 c:/programdata/matlab/supportpackages/r2021b/aide/portable/packages/arduino/tools/arm-none-eabi-gcc/4.8.3-2014q1/bin/../lib/gcc/arm-none-eabi/4.8.3/../../../../arm-none-eabi/lib/armv7-m\libg.a(lib_a-mlock.o)
                0x0008359c                __malloc_unlock
 .text._sbrk_r  0x000835a0       0x24 c:/programdata/matlab/supportpackages/r2021b/aide/portable/packages/arduino/tools/arm-none-eabi-gcc/4.8.3-2014q1/bin/../lib/gcc/arm-none-eabi/4.8.3/../../../../arm-none-eabi/lib/armv7-m\libg.a(lib_a-sbrkr.o)
                0x000835a0                _sbrk_r
 .text.strlen   0x000835c4       0x60 c:/programdata/matlab/supportpackages/r2021b/aide/portable/packages/arduino/tools/arm-none-eabi-gcc/4.8.3-2014q1/bin/../lib/gcc/arm-none-eabi/4.8.3/../../../../arm-none-eabi/lib/armv7-m\libg.a(lib_a-strlen.o)
                0x000835c4                strlen
 .text.kill     0x00083624       0x10 c:/programdata/matlab/supportpackages/r2021b/aide/portable/packages/arduino/tools/arm-none-eabi-gcc/4.8.3-2014q1/bin/../lib/gcc/arm-none-eabi/4.8.3/../../../../arm-none-eabi/lib/armv7-m\libg.a(lib_a-syskill.o)
                0x00083624                kill
 .text.__sprint_r.part.0
                0x00083634       0x78 c:/programdata/matlab/supportpackages/r2021b/aide/portable/packages/arduino/tools/arm-none-eabi-gcc/4.8.3-2014q1/bin/../lib/gcc/arm-none-eabi/4.8.3/../../../../arm-none-eabi/lib/armv7-m\libg.a(lib_a-vfiprintf.o)
 .text._vfiprintf_r
                0x000836ac      0xc54 c:/programdata/matlab/supportpackages/r2021b/aide/portable/packages/arduino/tools/arm-none-eabi-gcc/4.8.3-2014q1/bin/../lib/gcc/arm-none-eabi/4.8.3/../../../../arm-none-eabi/lib/armv7-m\libg.a(lib_a-vfiprintf.o)
                0x000836ac                _vfiprintf_r
 .text.__sbprintf
                0x00084300       0x7c c:/programdata/matlab/supportpackages/r2021b/aide/portable/packages/arduino/tools/arm-none-eabi-gcc/4.8.3-2014q1/bin/../lib/gcc/arm-none-eabi/4.8.3/../../../../arm-none-eabi/lib/armv7-m\libg.a(lib_a-vfiprintf.o)
 .text.__swsetup_r
                0x0008437c       0xc4 c:/programdata/matlab/supportpackages/r2021b/aide/portable/packages/arduino/tools/arm-none-eabi-gcc/4.8.3-2014q1/bin/../lib/gcc/arm-none-eabi/4.8.3/../../../../arm-none-eabi/lib/armv7-m\libg.a(lib_a-wsetup.o)
                0x0008437c                __swsetup_r
 .text.startup.register_fini
                0x00084440       0x14 c:/programdata/matlab/supportpackages/r2021b/aide/portable/packages/arduino/tools/arm-none-eabi-gcc/4.8.3-2014q1/bin/../lib/gcc/arm-none-eabi/4.8.3/../../../../arm-none-eabi/lib/armv7-m\libg.a(lib_a-__call_atexit.o)
 .text.abort    0x00084454       0x10 c:/programdata/matlab/supportpackages/r2021b/aide/portable/packages/arduino/tools/arm-none-eabi-gcc/4.8.3-2014q1/bin/../lib/gcc/arm-none-eabi/4.8.3/../../../../arm-none-eabi/lib/armv7-m\libg.a(lib_a-abort.o)
                0x00084454                abort
 .text.atexit   0x00084464        0xc c:/programdata/matlab/supportpackages/r2021b/aide/portable/packages/arduino/tools/arm-none-eabi-gcc/4.8.3-2014q1/bin/../lib/gcc/arm-none-eabi/4.8.3/../../../../arm-none-eabi/lib/armv7-m\libg.a(lib_a-atexit.o)
                0x00084464                atexit
 .text.__sflush_r
                0x00084470      0x148 c:/programdata/matlab/supportpackages/r2021b/aide/portable/packages/arduino/tools/arm-none-eabi-gcc/4.8.3-2014q1/bin/../lib/gcc/arm-none-eabi/4.8.3/../../../../arm-none-eabi/lib/armv7-m\libg.a(lib_a-fflush.o)
                0x00084470                __sflush_r
 .text._fflush_r
                0x000845b8       0x2c c:/programdata/matlab/supportpackages/r2021b/aide/portable/packages/arduino/tools/arm-none-eabi-gcc/4.8.3-2014q1/bin/../lib/gcc/arm-none-eabi/4.8.3/../../../../arm-none-eabi/lib/armv7-m\libg.a(lib_a-fflush.o)
                0x000845b8                _fflush_r
 .text._cleanup_r
                0x000845e4        0xc c:/programdata/matlab/supportpackages/r2021b/aide/portable/packages/arduino/tools/arm-none-eabi-gcc/4.8.3-2014q1/bin/../lib/gcc/arm-none-eabi/4.8.3/../../../../arm-none-eabi/lib/armv7-m\libg.a(lib_a-findfp.o)
                0x000845e4                _cleanup_r
 .text.__sinit  0x000845f0       0xf4 c:/programdata/matlab/supportpackages/r2021b/aide/portable/packages/arduino/tools/arm-none-eabi-gcc/4.8.3-2014q1/bin/../lib/gcc/arm-none-eabi/4.8.3/../../../../arm-none-eabi/lib/armv7-m\libg.a(lib_a-findfp.o)
                0x000845f0                __sinit
 .text.__sfp_lock_acquire
                0x000846e4        0x4 c:/programdata/matlab/supportpackages/r2021b/aide/portable/packages/arduino/tools/arm-none-eabi-gcc/4.8.3-2014q1/bin/../lib/gcc/arm-none-eabi/4.8.3/../../../../arm-none-eabi/lib/armv7-m\libg.a(lib_a-findfp.o)
                0x000846e4                __sfp_lock_acquire
 .text.__sfp_lock_release
                0x000846e8        0x4 c:/programdata/matlab/supportpackages/r2021b/aide/portable/packages/arduino/tools/arm-none-eabi-gcc/4.8.3-2014q1/bin/../lib/gcc/arm-none-eabi/4.8.3/../../../../arm-none-eabi/lib/armv7-m\libg.a(lib_a-findfp.o)
                0x000846e8                __sfp_lock_release
 .text.__libc_fini_array
                0x000846ec       0x30 c:/programdata/matlab/supportpackages/r2021b/aide/portable/packages/arduino/tools/arm-none-eabi-gcc/4.8.3-2014q1/bin/../lib/gcc/arm-none-eabi/4.8.3/../../../../arm-none-eabi/lib/armv7-m\libg.a(lib_a-fini.o)
                0x000846ec                __libc_fini_array
 .text._fputwc_r
                0x0008471c       0xc0 c:/programdata/matlab/supportpackages/r2021b/aide/portable/packages/arduino/tools/arm-none-eabi-gcc/4.8.3-2014q1/bin/../lib/gcc/arm-none-eabi/4.8.3/../../../../arm-none-eabi/lib/armv7-m\libg.a(lib_a-fputwc.o)
                0x0008471c                _fputwc_r
 .text._malloc_trim_r
                0x000847dc       0x9c c:/programdata/matlab/supportpackages/r2021b/aide/portable/packages/arduino/tools/arm-none-eabi-gcc/4.8.3-2014q1/bin/../lib/gcc/arm-none-eabi/4.8.3/../../../../arm-none-eabi/lib/armv7-m\libg.a(lib_a-freer.o)
                0x000847dc                _malloc_trim_r
 .text._free_r  0x00084878      0x198 c:/programdata/matlab/supportpackages/r2021b/aide/portable/packages/arduino/tools/arm-none-eabi-gcc/4.8.3-2014q1/bin/../lib/gcc/arm-none-eabi/4.8.3/../../../../arm-none-eabi/lib/armv7-m\libg.a(lib_a-freer.o)
                0x00084878                _free_r
 .text.__sfvwrite_r
                0x00084a10      0x314 c:/programdata/matlab/supportpackages/r2021b/aide/portable/packages/arduino/tools/arm-none-eabi-gcc/4.8.3-2014q1/bin/../lib/gcc/arm-none-eabi/4.8.3/../../../../arm-none-eabi/lib/armv7-m\libg.a(lib_a-fvwrite.o)
                0x00084a10                __sfvwrite_r
 .text._fwalk   0x00084d24       0x48 c:/programdata/matlab/supportpackages/r2021b/aide/portable/packages/arduino/tools/arm-none-eabi-gcc/4.8.3-2014q1/bin/../lib/gcc/arm-none-eabi/4.8.3/../../../../arm-none-eabi/lib/armv7-m\libg.a(lib_a-fwalk.o)
                0x00084d24                _fwalk
 .text.__locale_charset
                0x00084d6c        0x8 c:/programdata/matlab/supportpackages/r2021b/aide/portable/packages/arduino/tools/arm-none-eabi-gcc/4.8.3-2014q1/bin/../lib/gcc/arm-none-eabi/4.8.3/../../../../arm-none-eabi/lib/armv7-m\libg.a(lib_a-locale.o)
                0x00084d6c                __locale_charset
 .text.__locale_mb_cur_max
                0x00084d74        0xc c:/programdata/matlab/supportpackages/r2021b/aide/portable/packages/arduino/tools/arm-none-eabi-gcc/4.8.3-2014q1/bin/../lib/gcc/arm-none-eabi/4.8.3/../../../../arm-none-eabi/lib/armv7-m\libg.a(lib_a-locale.o)
                0x00084d74                __locale_mb_cur_max
 .text.__smakebuf_r
                0x00084d80       0xe0 c:/programdata/matlab/supportpackages/r2021b/aide/portable/packages/arduino/tools/arm-none-eabi-gcc/4.8.3-2014q1/bin/../lib/gcc/arm-none-eabi/4.8.3/../../../../arm-none-eabi/lib/armv7-m\libg.a(lib_a-makebuf.o)
                0x00084d80                __smakebuf_r
 .text.memchr   0x00084e60       0x94 c:/programdata/matlab/supportpackages/r2021b/aide/portable/packages/arduino/tools/arm-none-eabi-gcc/4.8.3-2014q1/bin/../lib/gcc/arm-none-eabi/4.8.3/../../../../arm-none-eabi/lib/armv7-m\libg.a(lib_a-memchr-stub.o)
                0x00084e60                memchr
 .text          0x00084ef4       0xec c:/programdata/matlab/supportpackages/r2021b/aide/portable/packages/arduino/tools/arm-none-eabi-gcc/4.8.3-2014q1/bin/../lib/gcc/arm-none-eabi/4.8.3/../../../../arm-none-eabi/lib/armv7-m\libg.a(lib_a-memcpy.o)
                0x00084ef4                memcpy
 .text.memmove  0x00084fe0       0xcc c:/programdata/matlab/supportpackages/r2021b/aide/portable/packages/arduino/tools/arm-none-eabi-gcc/4.8.3-2014q1/bin/../lib/gcc/arm-none-eabi/4.8.3/../../../../arm-none-eabi/lib/armv7-m\libg.a(lib_a-memmove.o)
                0x00084fe0                memmove
 .text._realloc_r
                0x000850ac      0x3c0 c:/programdata/matlab/supportpackages/r2021b/aide/portable/packages/arduino/tools/arm-none-eabi-gcc/4.8.3-2014q1/bin/../lib/gcc/arm-none-eabi/4.8.3/../../../../arm-none-eabi/lib/armv7-m\libg.a(lib_a-reallocr.o)
                0x000850ac                _realloc_r
 .text._raise_r
                0x0008546c       0x58 c:/programdata/matlab/supportpackages/r2021b/aide/portable/packages/arduino/tools/arm-none-eabi-gcc/4.8.3-2014q1/bin/../lib/gcc/arm-none-eabi/4.8.3/../../../../arm-none-eabi/lib/armv7-m\libg.a(lib_a-signal.o)
                0x0008546c                _raise_r
 .text.raise    0x000854c4       0x10 c:/programdata/matlab/supportpackages/r2021b/aide/portable/packages/arduino/tools/arm-none-eabi-gcc/4.8.3-2014q1/bin/../lib/gcc/arm-none-eabi/4.8.3/../../../../arm-none-eabi/lib/armv7-m\libg.a(lib_a-signal.o)
                0x000854c4                raise
 .text._kill_r  0x000854d4       0x28 c:/programdata/matlab/supportpackages/r2021b/aide/portable/packages/arduino/tools/arm-none-eabi-gcc/4.8.3-2014q1/bin/../lib/gcc/arm-none-eabi/4.8.3/../../../../arm-none-eabi/lib/armv7-m\libg.a(lib_a-signalr.o)
                0x000854d4                _kill_r
 .text._getpid_r
                0x000854fc        0x4 c:/programdata/matlab/supportpackages/r2021b/aide/portable/packages/arduino/tools/arm-none-eabi-gcc/4.8.3-2014q1/bin/../lib/gcc/arm-none-eabi/4.8.3/../../../../arm-none-eabi/lib/armv7-m\libg.a(lib_a-signalr.o)
                0x000854fc                _getpid_r
 .text.__sread  0x00085500       0x24 c:/programdata/matlab/supportpackages/r2021b/aide/portable/packages/arduino/tools/arm-none-eabi-gcc/4.8.3-2014q1/bin/../lib/gcc/arm-none-eabi/4.8.3/../../../../arm-none-eabi/lib/armv7-m\libg.a(lib_a-stdio.o)
                0x00085500                __sread
 .text.__swrite
                0x00085524       0x38 c:/programdata/matlab/supportpackages/r2021b/aide/portable/packages/arduino/tools/arm-none-eabi-gcc/4.8.3-2014q1/bin/../lib/gcc/arm-none-eabi/4.8.3/../../../../arm-none-eabi/lib/armv7-m\libg.a(lib_a-stdio.o)
                0x00085524                __swrite
 .text.__sseek  0x0008555c       0x20 c:/programdata/matlab/supportpackages/r2021b/aide/portable/packages/arduino/tools/arm-none-eabi-gcc/4.8.3-2014q1/bin/../lib/gcc/arm-none-eabi/4.8.3/../../../../arm-none-eabi/lib/armv7-m\libg.a(lib_a-stdio.o)
                0x0008555c                __sseek
 .text.__sclose
                0x0008557c        0x8 c:/programdata/matlab/supportpackages/r2021b/aide/portable/packages/arduino/tools/arm-none-eabi-gcc/4.8.3-2014q1/bin/../lib/gcc/arm-none-eabi/4.8.3/../../../../arm-none-eabi/lib/armv7-m\libg.a(lib_a-stdio.o)
                0x0008557c                __sclose
 .text.__swbuf_r
                0x00085584       0xa8 c:/programdata/matlab/supportpackages/r2021b/aide/portable/packages/arduino/tools/arm-none-eabi-gcc/4.8.3-2014q1/bin/../lib/gcc/arm-none-eabi/4.8.3/../../../../arm-none-eabi/lib/armv7-m\libg.a(lib_a-wbuf.o)
                0x00085584                __swbuf_r
 .text._wcrtomb_r
                0x0008562c       0x50 c:/programdata/matlab/supportpackages/r2021b/aide/portable/packages/arduino/tools/arm-none-eabi-gcc/4.8.3-2014q1/bin/../lib/gcc/arm-none-eabi/4.8.3/../../../../arm-none-eabi/lib/armv7-m\libg.a(lib_a-wcrtomb.o)
                0x0008562c                _wcrtomb_r
 .text.__ascii_wctomb
                0x0008567c       0x1c c:/programdata/matlab/supportpackages/r2021b/aide/portable/packages/arduino/tools/arm-none-eabi-gcc/4.8.3-2014q1/bin/../lib/gcc/arm-none-eabi/4.8.3/../../../../arm-none-eabi/lib/armv7-m\libg.a(lib_a-wctomb_r.o)
                0x0008567c                __ascii_wctomb
 .text._write_r
                0x00085698       0x28 c:/programdata/matlab/supportpackages/r2021b/aide/portable/packages/arduino/tools/arm-none-eabi-gcc/4.8.3-2014q1/bin/../lib/gcc/arm-none-eabi/4.8.3/../../../../arm-none-eabi/lib/armv7-m\libg.a(lib_a-writer.o)
                0x00085698                _write_r
 .text.__register_exitproc
                0x000856c0       0xa8 c:/programdata/matlab/supportpackages/r2021b/aide/portable/packages/arduino/tools/arm-none-eabi-gcc/4.8.3-2014q1/bin/../lib/gcc/arm-none-eabi/4.8.3/../../../../arm-none-eabi/lib/armv7-m\libg.a(lib_a-__atexit.o)
                0x000856c0                __register_exitproc
 .text._close_r
                0x00085768       0x24 c:/programdata/matlab/supportpackages/r2021b/aide/portable/packages/arduino/tools/arm-none-eabi-gcc/4.8.3-2014q1/bin/../lib/gcc/arm-none-eabi/4.8.3/../../../../arm-none-eabi/lib/armv7-m\libg.a(lib_a-closer.o)
                0x00085768                _close_r
 .text._fclose_r
                0x0008578c       0x80 c:/programdata/matlab/supportpackages/r2021b/aide/portable/packages/arduino/tools/arm-none-eabi-gcc/4.8.3-2014q1/bin/../lib/gcc/arm-none-eabi/4.8.3/../../../../arm-none-eabi/lib/armv7-m\libg.a(lib_a-fclose.o)
                0x0008578c                _fclose_r
 .text.fclose   0x0008580c       0x10 c:/programdata/matlab/supportpackages/r2021b/aide/portable/packages/arduino/tools/arm-none-eabi-gcc/4.8.3-2014q1/bin/../lib/gcc/arm-none-eabi/4.8.3/../../../../arm-none-eabi/lib/armv7-m\libg.a(lib_a-fclose.o)
                0x0008580c                fclose
 .text._fstat_r
                0x0008581c       0x28 c:/programdata/matlab/supportpackages/r2021b/aide/portable/packages/arduino/tools/arm-none-eabi-gcc/4.8.3-2014q1/bin/../lib/gcc/arm-none-eabi/4.8.3/../../../../arm-none-eabi/lib/armv7-m\libg.a(lib_a-fstatr.o)
                0x0008581c                _fstat_r
 .text._isatty_r
                0x00085844       0x24 c:/programdata/matlab/supportpackages/r2021b/aide/portable/packages/arduino/tools/arm-none-eabi-gcc/4.8.3-2014q1/bin/../lib/gcc/arm-none-eabi/4.8.3/../../../../arm-none-eabi/lib/armv7-m\libg.a(lib_a-isattyr.o)
                0x00085844                _isatty_r
 .text._lseek_r
                0x00085868       0x28 c:/programdata/matlab/supportpackages/r2021b/aide/portable/packages/arduino/tools/arm-none-eabi-gcc/4.8.3-2014q1/bin/../lib/gcc/arm-none-eabi/4.8.3/../../../../arm-none-eabi/lib/armv7-m\libg.a(lib_a-lseekr.o)
                0x00085868                _lseek_r
 .text._read_r  0x00085890       0x28 c:/programdata/matlab/supportpackages/r2021b/aide/portable/packages/arduino/tools/arm-none-eabi-gcc/4.8.3-2014q1/bin/../lib/gcc/arm-none-eabi/4.8.3/../../../../arm-none-eabi/lib/armv7-m\libg.a(lib_a-readr.o)
                0x00085890                _read_r
 .text          0x000858b8       0x2c c:/programdata/matlab/supportpackages/r2021b/aide/portable/packages/arduino/tools/arm-none-eabi-gcc/4.8.3-2014q1/bin/../lib/gcc/arm-none-eabi/4.8.3/armv7-m\libgcc.a(_aeabi_uldivmod.o)
                0x000858b8                __aeabi_uldivmod
 .text          0x000858e4       0x60 c:/programdata/matlab/supportpackages/r2021b/aide/portable/packages/arduino/tools/arm-none-eabi-gcc/4.8.3-2014q1/bin/../lib/gcc/arm-none-eabi/4.8.3/armv7-m\libgcc.a(bpabi.o)
                0x000858e4                __gnu_ldivmod_helper
                0x00085914                __gnu_uldivmod_helper
 .text          0x00085944        0x4 c:/programdata/matlab/supportpackages/r2021b/aide/portable/packages/arduino/tools/arm-none-eabi-gcc/4.8.3-2014q1/bin/../lib/gcc/arm-none-eabi/4.8.3/armv7-m\libgcc.a(_dvmd_tls.o)
                0x00085944                __aeabi_idiv0
                0x00085944                __aeabi_ldiv0
 .text          0x00085948      0x2a0 c:/programdata/matlab/supportpackages/r2021b/aide/portable/packages/arduino/tools/arm-none-eabi-gcc/4.8.3-2014q1/bin/../lib/gcc/arm-none-eabi/4.8.3/armv7-m\libgcc.a(_divdi3.o)
                0x00085948                __divdi3
 .text          0x00085be8      0x290 c:/programdata/matlab/supportpackages/r2021b/aide/portable/packages/arduino/tools/arm-none-eabi-gcc/4.8.3-2014q1/bin/../lib/gcc/arm-none-eabi/4.8.3/armv7-m\libgcc.a(_udivdi3.o)
                0x00085be8                __udivdi3
 *(.glue_7t)
 .glue_7t       0x00000000        0x0 linker stubs
 *(.glue_7)
 .glue_7        0x00000000        0x0 linker stubs
 *(.rodata .rodata* .gnu.linkonce.r.*)
 .rodata._ZTV7TwoWire
                0x00085e78       0x20 Wire.o
                0x00085e78                vtable for TwoWire
 .rodata.AFMSV2_Driver_Motor_Test_M
                0x00085e98        0x4 AFMSV2_Driver_Motor_Test.o
                0x00085e98                AFMSV2_Driver_Motor_Test_M
 *fill*         0x00085e9c        0x4 
 .rodata._ZTV9UARTClass
                0x00085ea0       0x30 C:/Users/Rafael/DOCUME~1/MATLAB/R2021b/ARDUIN~1/ARDUIN~1/FASTER~1/libcore.a(UARTClass.o)
                0x00085ea0                vtable for UARTClass
 .rodata._ZTV10USARTClass
                0x00085ed0       0x30 C:/Users/Rafael/DOCUME~1/MATLAB/R2021b/ARDUIN~1/ARDUIN~1/FASTER~1/libcore.a(USARTClass.o)
                0x00085ed0                vtable for USARTClass
 .rodata.g_APinDescription
                0x00085f00      0xa2c C:/Users/Rafael/DOCUME~1/MATLAB/R2021b/ARDUIN~1/ARDUIN~1/FASTER~1/libcore.a(variant.o)
                0x00085f00                g_APinDescription
 .rodata.__func__.6792
                0x0008692c        0xd C:/ProgramData/MATLAB/SupportPackages/R2021b/aIDE/portable/packages/arduino/hardware/sam/1.6.12/variants/arduino_due_x/libsam_sam3x8e_gcc_rel.a(tc.o)
 .rodata.str1.1
                0x00086939       0x54 C:/ProgramData/MATLAB/SupportPackages/R2021b/aIDE/portable/packages/arduino/hardware/sam/1.6.12/variants/arduino_due_x/libsam_sam3x8e_gcc_rel.a(tc.o)
 .rodata.__func__.6798
                0x0008698d        0x9 C:/ProgramData/MATLAB/SupportPackages/R2021b/aIDE/portable/packages/arduino/hardware/sam/1.6.12/variants/arduino_due_x/libsam_sam3x8e_gcc_rel.a(tc.o)
 .rodata.__func__.7227
                0x00086996        0xe C:/ProgramData/MATLAB/SupportPackages/R2021b/aIDE/portable/packages/arduino/hardware/sam/1.6.12/variants/arduino_due_x/libsam_sam3x8e_gcc_rel.a(twi.o)
 .rodata.__func__.7157
                0x000869a4        0xd C:/ProgramData/MATLAB/SupportPackages/R2021b/aIDE/portable/packages/arduino/hardware/sam/1.6.12/variants/arduino_due_x/libsam_sam3x8e_gcc_rel.a(twi.o)
 .rodata.__func__.7208
                0x000869b1        0xf C:/ProgramData/MATLAB/SupportPackages/R2021b/aIDE/portable/packages/arduino/hardware/sam/1.6.12/variants/arduino_due_x/libsam_sam3x8e_gcc_rel.a(twi.o)
 .rodata.__func__.7176
                0x000869c0        0xc C:/ProgramData/MATLAB/SupportPackages/R2021b/aIDE/portable/packages/arduino/hardware/sam/1.6.12/variants/arduino_due_x/libsam_sam3x8e_gcc_rel.a(twi.o)
 .rodata.str1.1
                0x000869cc       0xb4 C:/ProgramData/MATLAB/SupportPackages/R2021b/aIDE/portable/packages/arduino/hardware/sam/1.6.12/variants/arduino_due_x/libsam_sam3x8e_gcc_rel.a(twi.o)
 .rodata.__func__.7184
                0x00086a80        0x9 C:/ProgramData/MATLAB/SupportPackages/R2021b/aIDE/portable/packages/arduino/hardware/sam/1.6.12/variants/arduino_due_x/libsam_sam3x8e_gcc_rel.a(twi.o)
 .rodata.__func__.7240
                0x00086a89       0x16 C:/ProgramData/MATLAB/SupportPackages/R2021b/aIDE/portable/packages/arduino/hardware/sam/1.6.12/variants/arduino_due_x/libsam_sam3x8e_gcc_rel.a(twi.o)
 .rodata.__func__.7191
                0x00086a9f        0xe C:/ProgramData/MATLAB/SupportPackages/R2021b/aIDE/portable/packages/arduino/hardware/sam/1.6.12/variants/arduino_due_x/libsam_sam3x8e_gcc_rel.a(twi.o)
 .rodata.__func__.7231
                0x00086aad        0xe C:/ProgramData/MATLAB/SupportPackages/R2021b/aIDE/portable/packages/arduino/hardware/sam/1.6.12/variants/arduino_due_x/libsam_sam3x8e_gcc_rel.a(twi.o)
 .rodata.__func__.7195
                0x00086abb        0xd C:/ProgramData/MATLAB/SupportPackages/R2021b/aIDE/portable/packages/arduino/hardware/sam/1.6.12/variants/arduino_due_x/libsam_sam3x8e_gcc_rel.a(twi.o)
 .rodata.__func__.7222
                0x00086ac8        0xd C:/ProgramData/MATLAB/SupportPackages/R2021b/aIDE/portable/packages/arduino/hardware/sam/1.6.12/variants/arduino_due_x/libsam_sam3x8e_gcc_rel.a(twi.o)
 .rodata.__func__.7200
                0x00086ad5        0xe C:/ProgramData/MATLAB/SupportPackages/R2021b/aIDE/portable/packages/arduino/hardware/sam/1.6.12/variants/arduino_due_x/libsam_sam3x8e_gcc_rel.a(twi.o)
 .rodata.__func__.7151
                0x00086ae3       0x14 C:/ProgramData/MATLAB/SupportPackages/R2021b/aIDE/portable/packages/arduino/hardware/sam/1.6.12/variants/arduino_due_x/libsam_sam3x8e_gcc_rel.a(twi.o)
 *fill*         0x00086af7        0x1 
 .rodata        0x00086af8       0x40 C:/ProgramData/MATLAB/SupportPackages/R2021b/aIDE/portable/packages/arduino/hardware/sam/1.6.12/variants/arduino_due_x/libsam_sam3x8e_gcc_rel.a(adc.o)
 .rodata.str1.4
                0x00086b38       0x3f c:/programdata/matlab/supportpackages/r2021b/aide/portable/packages/arduino/tools/arm-none-eabi-gcc/4.8.3-2014q1/bin/../lib/gcc/arm-none-eabi/4.8.3/../../../../arm-none-eabi/lib/armv7-m\libg.a(lib_a-assert.o)
                                 0x44 (size before relaxing)
 *fill*         0x00086b77        0x1 
 .rodata.str1.4
                0x00086b78        0x2 c:/programdata/matlab/supportpackages/r2021b/aide/portable/packages/arduino/tools/arm-none-eabi-gcc/4.8.3-2014q1/bin/../lib/gcc/arm-none-eabi/4.8.3/../../../../arm-none-eabi/lib/armv7-m\libg.a(lib_a-impure.o)
                                  0x4 (size before relaxing)
 *fill*         0x00086b7a        0x2 
 .rodata._global_impure_ptr
                0x00086b7c        0x4 c:/programdata/matlab/supportpackages/r2021b/aide/portable/packages/arduino/tools/arm-none-eabi-gcc/4.8.3-2014q1/bin/../lib/gcc/arm-none-eabi/4.8.3/../../../../arm-none-eabi/lib/armv7-m\libg.a(lib_a-impure.o)
                0x00086b7c                _global_impure_ptr
 .rodata.blanks.6717
                0x00086b80       0x10 c:/programdata/matlab/supportpackages/r2021b/aide/portable/packages/arduino/tools/arm-none-eabi-gcc/4.8.3-2014q1/bin/../lib/gcc/arm-none-eabi/4.8.3/../../../../arm-none-eabi/lib/armv7-m\libg.a(lib_a-vfiprintf.o)
 .rodata.str1.4
                0x00086b90       0x30 c:/programdata/matlab/supportpackages/r2021b/aide/portable/packages/arduino/tools/arm-none-eabi-gcc/4.8.3-2014q1/bin/../lib/gcc/arm-none-eabi/4.8.3/../../../../arm-none-eabi/lib/armv7-m\libg.a(lib_a-vfiprintf.o)
 .rodata.zeroes.6718
                0x00086bc0       0x10 c:/programdata/matlab/supportpackages/r2021b/aide/portable/packages/arduino/tools/arm-none-eabi-gcc/4.8.3-2014q1/bin/../lib/gcc/arm-none-eabi/4.8.3/../../../../arm-none-eabi/lib/armv7-m\libg.a(lib_a-vfiprintf.o)
 *(.ARM.extab* .gnu.linkonce.armextab.*)
                0x00086bd0                . = ALIGN (0x4)
 *(.init)
 .init          0x00086bd0        0x4 c:/programdata/matlab/supportpackages/r2021b/aide/portable/packages/arduino/tools/arm-none-eabi-gcc/4.8.3-2014q1/bin/../lib/gcc/arm-none-eabi/4.8.3/armv7-m/crti.o
                0x00086bd0                _init
 .init          0x00086bd4        0x8 c:/programdata/matlab/supportpackages/r2021b/aide/portable/packages/arduino/tools/arm-none-eabi-gcc/4.8.3-2014q1/bin/../lib/gcc/arm-none-eabi/4.8.3/armv7-m/crtn.o
                0x00086bdc                . = ALIGN (0x4)
                0x00086bdc                __preinit_array_start = .
 *(.preinit_array)
                0x00086bdc                __preinit_array_end = .
                0x00086bdc                . = ALIGN (0x4)
                0x00086bdc                __init_array_start = .
 *(SORT(.init_array.*))
 .init_array.00000
                0x00086bdc        0x4 c:/programdata/matlab/supportpackages/r2021b/aide/portable/packages/arduino/tools/arm-none-eabi-gcc/4.8.3-2014q1/bin/../lib/gcc/arm-none-eabi/4.8.3/../../../../arm-none-eabi/lib/armv7-m\libg.a(lib_a-__call_atexit.o)
 *(.init_array)
 .init_array    0x00086be0        0x4 c:/programdata/matlab/supportpackages/r2021b/aide/portable/packages/arduino/tools/arm-none-eabi-gcc/4.8.3-2014q1/bin/../lib/gcc/arm-none-eabi/4.8.3/armv7-m/crtbegin.o
 .init_array    0x00086be4        0x4 AFMSV2Driver.o
 .init_array    0x00086be8        0x4 SPI.o
 .init_array    0x00086bec        0x4 Wire.o
 .init_array    0x00086bf0        0x4 C:/Users/Rafael/DOCUME~1/MATLAB/R2021b/ARDUIN~1/ARDUIN~1/FASTER~1/libcore.a(variant.o)
                0x00086bf4                __init_array_end = .
                0x00086bf4                . = ALIGN (0x4)
 *crtbegin.o(.ctors)
 *(EXCLUDE_FILE(*crtend.o) .ctors)
 *(SORT(.ctors.*))
 *crtend.o(.ctors)
                0x00086bf4                . = ALIGN (0x4)
 *(.fini)
 .fini          0x00086bf4        0x4 c:/programdata/matlab/supportpackages/r2021b/aide/portable/packages/arduino/tools/arm-none-eabi-gcc/4.8.3-2014q1/bin/../lib/gcc/arm-none-eabi/4.8.3/armv7-m/crti.o
                0x00086bf4                _fini
 .fini          0x00086bf8        0x8 c:/programdata/matlab/supportpackages/r2021b/aide/portable/packages/arduino/tools/arm-none-eabi-gcc/4.8.3-2014q1/bin/../lib/gcc/arm-none-eabi/4.8.3/armv7-m/crtn.o
                0x00086c00                . = ALIGN (0x4)
                0x00086c00                __fini_array_start = .
 *(.fini_array)
 .fini_array    0x00086c00        0x4 c:/programdata/matlab/supportpackages/r2021b/aide/portable/packages/arduino/tools/arm-none-eabi-gcc/4.8.3-2014q1/bin/../lib/gcc/arm-none-eabi/4.8.3/armv7-m/crtbegin.o
 *(SORT(.fini_array.*))
                0x00086c04                __fini_array_end = .
 *crtbegin.o(.dtors)
 *(EXCLUDE_FILE(*crtend.o) .dtors)
 *(SORT(.dtors.*))
 *crtend.o(.dtors)
                0x00086c04                . = ALIGN (0x4)
                0x00086c04                _efixed = .
                0x00086c04                PROVIDE (__exidx_start, .)

.vfp11_veneer   0x00086c04        0x0
 .vfp11_veneer  0x00000000        0x0 linker stubs

.v4_bx          0x00086c04        0x0
 .v4_bx         0x00000000        0x0 linker stubs

.iplt           0x00086c04        0x0
 .iplt          0x00000000        0x0 c:/programdata/matlab/supportpackages/r2021b/aide/portable/packages/arduino/tools/arm-none-eabi-gcc/4.8.3-2014q1/bin/../lib/gcc/arm-none-eabi/4.8.3/armv7-m/crtbegin.o

.ARM.exidx      0x00086c04        0x8
 *(.ARM.exidx* .gnu.linkonce.armexidx.*)
 .ARM.exidx     0x00086c04        0x8 c:/programdata/matlab/supportpackages/r2021b/aide/portable/packages/arduino/tools/arm-none-eabi-gcc/4.8.3-2014q1/bin/../lib/gcc/arm-none-eabi/4.8.3/armv7-m\libgcc.a(_divdi3.o)
 .ARM.exidx     0x00086c0c        0x0 c:/programdata/matlab/supportpackages/r2021b/aide/portable/packages/arduino/tools/arm-none-eabi-gcc/4.8.3-2014q1/bin/../lib/gcc/arm-none-eabi/4.8.3/armv7-m\libgcc.a(_udivdi3.o)
                                  0x8 (size before relaxing)
                0x00086c0c                PROVIDE (__exidx_end, .)

.eh_frame       0x00086c0c        0x0
 .eh_frame      0x00086c0c        0x0 c:/programdata/matlab/supportpackages/r2021b/aide/portable/packages/arduino/tools/arm-none-eabi-gcc/4.8.3-2014q1/bin/../lib/gcc/arm-none-eabi/4.8.3/armv7-m/crtbegin.o

.rel.dyn        0x00086c0c        0x0
 .rel.iplt      0x00000000        0x0 c:/programdata/matlab/supportpackages/r2021b/aide/portable/packages/arduino/tools/arm-none-eabi-gcc/4.8.3-2014q1/bin/../lib/gcc/arm-none-eabi/4.8.3/armv7-m/crtbegin.o

.jcr            0x00086c0c        0x0
 .jcr           0x00086c0c        0x0 c:/programdata/matlab/supportpackages/r2021b/aide/portable/packages/arduino/tools/arm-none-eabi-gcc/4.8.3-2014q1/bin/../lib/gcc/arm-none-eabi/4.8.3/armv7-m/crtbegin.o

.igot.plt       0x00086c0c        0x0
 .igot.plt      0x00000000        0x0 c:/programdata/matlab/supportpackages/r2021b/aide/portable/packages/arduino/tools/arm-none-eabi-gcc/4.8.3-2014q1/bin/../lib/gcc/arm-none-eabi/4.8.3/armv7-m/crtbegin.o
                0x00086c0c                . = ALIGN (0x4)
                0x00086c0c                _etext = .

.relocate       0x20070000      0x8ac load address 0x00086c0c
                0x20070000                . = ALIGN (0x4)
                0x20070000                _srelocate = .
 *(.ramfunc .ramfunc.*)
 .ramfunc       0x20070000       0x2c C:/Users/Rafael/DOCUME~1/MATLAB/R2021b/ARDUIN~1/ARDUIN~1/FASTER~1/libcore.a(Reset.o)
                0x20070000                banzai
 *(.data .data.*)
 *fill*         0x2007002c        0x4 
 .data.AFMSV2_Driver_Motor_Test_P
                0x20070030       0x10 AFMSV2_Driver_Motor_Test_data.o
                0x20070030                AFMSV2_Driver_Motor_Test_P
 .data._ZL5ticks
                0x20070040        0x4 C:/Users/Rafael/DOCUME~1/MATLAB/R2021b/ARDUIN~1/ARDUIN~1/FASTER~1/libcore.a(Reset.o)
 .data.SystemCoreClock
                0x20070044        0x4 C:/ProgramData/MATLAB/SupportPackages/R2021b/aIDE/portable/packages/arduino/hardware/sam/1.6.12/variants/arduino_due_x/libsam_sam3x8e_gcc_rel.a(system_sam3xa.o)
                0x20070044                SystemCoreClock
 .data.impure_data
                0x20070048      0x428 c:/programdata/matlab/supportpackages/r2021b/aide/portable/packages/arduino/tools/arm-none-eabi-gcc/4.8.3-2014q1/bin/../lib/gcc/arm-none-eabi/4.8.3/../../../../arm-none-eabi/lib/armv7-m\libg.a(lib_a-impure.o)
 .data._impure_ptr
                0x20070470        0x4 c:/programdata/matlab/supportpackages/r2021b/aide/portable/packages/arduino/tools/arm-none-eabi-gcc/4.8.3-2014q1/bin/../lib/gcc/arm-none-eabi/4.8.3/../../../../arm-none-eabi/lib/armv7-m\libg.a(lib_a-impure.o)
                0x20070470                _impure_ptr
 .data.__malloc_av_
                0x20070474      0x408 c:/programdata/matlab/supportpackages/r2021b/aide/portable/packages/arduino/tools/arm-none-eabi-gcc/4.8.3-2014q1/bin/../lib/gcc/arm-none-eabi/4.8.3/../../../../arm-none-eabi/lib/armv7-m\libg.a(lib_a-mallocr.o)
                0x20070474                __malloc_av_
 .data.__malloc_trim_threshold
                0x2007087c        0x4 c:/programdata/matlab/supportpackages/r2021b/aide/portable/packages/arduino/tools/arm-none-eabi-gcc/4.8.3-2014q1/bin/../lib/gcc/arm-none-eabi/4.8.3/../../../../arm-none-eabi/lib/armv7-m\libg.a(lib_a-mallocr.o)
                0x2007087c                __malloc_trim_threshold
 .data.__malloc_sbrk_base
                0x20070880        0x4 c:/programdata/matlab/supportpackages/r2021b/aide/portable/packages/arduino/tools/arm-none-eabi-gcc/4.8.3-2014q1/bin/../lib/gcc/arm-none-eabi/4.8.3/../../../../arm-none-eabi/lib/armv7-m\libg.a(lib_a-mallocr.o)
                0x20070880                __malloc_sbrk_base
 .data.lc_ctype_charset
                0x20070884       0x20 c:/programdata/matlab/supportpackages/r2021b/aide/portable/packages/arduino/tools/arm-none-eabi-gcc/4.8.3-2014q1/bin/../lib/gcc/arm-none-eabi/4.8.3/../../../../arm-none-eabi/lib/armv7-m\libg.a(lib_a-locale.o)
 .data.__mb_cur_max
                0x200708a4        0x4 c:/programdata/matlab/supportpackages/r2021b/aide/portable/packages/arduino/tools/arm-none-eabi-gcc/4.8.3-2014q1/bin/../lib/gcc/arm-none-eabi/4.8.3/../../../../arm-none-eabi/lib/armv7-m\libg.a(lib_a-locale.o)
                0x200708a4                __mb_cur_max
 .data.__wctomb
                0x200708a8        0x4 c:/programdata/matlab/supportpackages/r2021b/aide/portable/packages/arduino/tools/arm-none-eabi-gcc/4.8.3-2014q1/bin/../lib/gcc/arm-none-eabi/4.8.3/../../../../arm-none-eabi/lib/armv7-m\libg.a(lib_a-wctomb_r.o)
                0x200708a8                __wctomb
                0x200708ac                . = ALIGN (0x4)
                0x200708ac                _erelocate = .

.bss            0x200708ac      0x7cc load address 0x000874b8
                0x200708ac                . = ALIGN (0x4)
                0x200708ac                _sbss = .
                0x200708ac                _szero = .
 *(.bss .bss.*)
 .bss           0x200708ac       0x1c c:/programdata/matlab/supportpackages/r2021b/aide/portable/packages/arduino/tools/arm-none-eabi-gcc/4.8.3-2014q1/bin/../lib/gcc/arm-none-eabi/4.8.3/armv7-m/crtbegin.o
 .bss.gpf_isr   0x200708c8        0x4 C:/ProgramData/MATLAB/SupportPackages/R2021b/aIDE/portable/packages/arduino/hardware/sam/1.6.12/variants/arduino_due_x/libsam_sam3x8e_gcc_rel.a(uotghs.o)
                0x200708c8                gpf_isr
 .bss.AFMS      0x200708cc       0x6c AFMSV2Driver.o
                0x200708cc                AFMS
 .bss.M3        0x20070938        0x4 AFMSV2Driver.o
                0x20070938                M3
 .bss.M4        0x2007093c        0x4 AFMSV2Driver.o
                0x2007093c                M4
 .bss.init_f    0x20070940        0x1 AFMSV2Driver.o
                0x20070940                init_f
 *fill*         0x20070941        0x3 
 .bss.M1        0x20070944        0x4 AFMSV2Driver.o
                0x20070944                M1
 .bss.M2        0x20070948        0x4 AFMSV2Driver.o
                0x20070948                M2
 .bss.SPI       0x2007094c       0x44 SPI.o
                0x2007094c                SPI
 .bss.Wire1     0x20070990       0x94 Wire.o
                0x20070990                Wire1
 .bss.Wire      0x20070a24       0x94 Wire.o
                0x20070a24                Wire
 .bss.AFMSV2_Driver_Motor_Test_M_
                0x20070ab8        0x4 AFMSV2_Driver_Motor_Test.o
 .bss.OverrunFlag
                0x20070abc        0x1 ert_main.o
 *fill*         0x20070abd        0x3 
 .bss.IsrOverrun
                0x20070ac0        0x4 ert_main.o
                0x20070ac0                IsrOverrun
 .bss.heap.6420
                0x20070ac4        0x4 C:/Users/Rafael/DOCUME~1/MATLAB/R2021b/ARDUIN~1/ARDUIN~1/FASTER~1/libcore.a(syscalls_sam3.o)
 .bss.tx_buffer2
                0x20070ac8       0x88 C:/Users/Rafael/DOCUME~1/MATLAB/R2021b/ARDUIN~1/ARDUIN~1/FASTER~1/libcore.a(variant.o)
                0x20070ac8                tx_buffer2
 .bss.tx_buffer1
                0x20070b50       0x88 C:/Users/Rafael/DOCUME~1/MATLAB/R2021b/ARDUIN~1/ARDUIN~1/FASTER~1/libcore.a(variant.o)
                0x20070b50                tx_buffer1
 .bss.Serial    0x20070bd8       0x24 C:/Users/Rafael/DOCUME~1/MATLAB/R2021b/ARDUIN~1/ARDUIN~1/FASTER~1/libcore.a(variant.o)
                0x20070bd8                Serial
 .bss.rx_buffer1
                0x20070bfc       0x88 C:/Users/Rafael/DOCUME~1/MATLAB/R2021b/ARDUIN~1/ARDUIN~1/FASTER~1/libcore.a(variant.o)
                0x20070bfc                rx_buffer1
 .bss.Serial1   0x20070c84       0x28 C:/Users/Rafael/DOCUME~1/MATLAB/R2021b/ARDUIN~1/ARDUIN~1/FASTER~1/libcore.a(variant.o)
                0x20070c84                Serial1
 .bss.Serial2   0x20070cac       0x28 C:/Users/Rafael/DOCUME~1/MATLAB/R2021b/ARDUIN~1/ARDUIN~1/FASTER~1/libcore.a(variant.o)
                0x20070cac                Serial2
 .bss.Serial3   0x20070cd4       0x28 C:/Users/Rafael/DOCUME~1/MATLAB/R2021b/ARDUIN~1/ARDUIN~1/FASTER~1/libcore.a(variant.o)
                0x20070cd4                Serial3
 .bss.tx_buffer3
                0x20070cfc       0x88 C:/Users/Rafael/DOCUME~1/MATLAB/R2021b/ARDUIN~1/ARDUIN~1/FASTER~1/libcore.a(variant.o)
                0x20070cfc                tx_buffer3
 .bss.tx_buffer4
                0x20070d84       0x88 C:/Users/Rafael/DOCUME~1/MATLAB/R2021b/ARDUIN~1/ARDUIN~1/FASTER~1/libcore.a(variant.o)
                0x20070d84                tx_buffer4
 .bss.g_pinStatus
                0x20070e0c       0x4f C:/Users/Rafael/DOCUME~1/MATLAB/R2021b/ARDUIN~1/ARDUIN~1/FASTER~1/libcore.a(variant.o)
                0x20070e0c                g_pinStatus
 *fill*         0x20070e5b        0x1 
 .bss.rx_buffer2
                0x20070e5c       0x88 C:/Users/Rafael/DOCUME~1/MATLAB/R2021b/ARDUIN~1/ARDUIN~1/FASTER~1/libcore.a(variant.o)
                0x20070e5c                rx_buffer2
 .bss.rx_buffer3
                0x20070ee4       0x88 C:/Users/Rafael/DOCUME~1/MATLAB/R2021b/ARDUIN~1/ARDUIN~1/FASTER~1/libcore.a(variant.o)
                0x20070ee4                rx_buffer3
 .bss.rx_buffer4
                0x20070f6c       0x88 C:/Users/Rafael/DOCUME~1/MATLAB/R2021b/ARDUIN~1/ARDUIN~1/FASTER~1/libcore.a(variant.o)
                0x20070f6c                rx_buffer4
 .bss._dwTickCount
                0x20070ff4        0x4 C:/ProgramData/MATLAB/SupportPackages/R2021b/aIDE/portable/packages/arduino/hardware/sam/1.6.12/variants/arduino_due_x/libsam_sam3x8e_gcc_rel.a(timetick.o)
 .bss.__malloc_max_total_mem
                0x20070ff8        0x4 c:/programdata/matlab/supportpackages/r2021b/aide/portable/packages/arduino/tools/arm-none-eabi-gcc/4.8.3-2014q1/bin/../lib/gcc/arm-none-eabi/4.8.3/../../../../arm-none-eabi/lib/armv7-m\libg.a(lib_a-mallocr.o)
                0x20070ff8                __malloc_max_total_mem
 .bss.__malloc_max_sbrked_mem
                0x20070ffc        0x4 c:/programdata/matlab/supportpackages/r2021b/aide/portable/packages/arduino/tools/arm-none-eabi-gcc/4.8.3-2014q1/bin/../lib/gcc/arm-none-eabi/4.8.3/../../../../arm-none-eabi/lib/armv7-m\libg.a(lib_a-mallocr.o)
                0x20070ffc                __malloc_max_sbrked_mem
 .bss.__malloc_top_pad
                0x20071000        0x4 c:/programdata/matlab/supportpackages/r2021b/aide/portable/packages/arduino/tools/arm-none-eabi-gcc/4.8.3-2014q1/bin/../lib/gcc/arm-none-eabi/4.8.3/../../../../arm-none-eabi/lib/armv7-m\libg.a(lib_a-mallocr.o)
                0x20071000                __malloc_top_pad
 .bss.__malloc_current_mallinfo
                0x20071004       0x28 c:/programdata/matlab/supportpackages/r2021b/aide/portable/packages/arduino/tools/arm-none-eabi-gcc/4.8.3-2014q1/bin/../lib/gcc/arm-none-eabi/4.8.3/../../../../arm-none-eabi/lib/armv7-m\libg.a(lib_a-mallocr.o)
                0x20071004                __malloc_current_mallinfo
 *(COMMON)
 *fill*         0x2007102c        0x4 
 COMMON         0x20071030       0x18 AFMSV2_Driver_Motor_Test.o
                0x20071030                AFMSV2_Driver_Motor_Test_DW
 COMMON         0x20071048       0x24 rt_nonfinite.o
                0x20071048                rtNaNF
                0x2007104c                rtInfF
                0x20071050                rtInf
                0x20071058                rtNaN
                0x20071060                rtMinusInf
                0x20071068                rtMinusInfF
 COMMON         0x2007106c        0x4 m3m4m4f_multitasking.o
                0x2007106c                taskToSchedule
 COMMON         0x20071070        0x2 ert_main.o
                0x20071070                runModel
                0x20071071                stopRequested
 *fill*         0x20071072        0x2 
 COMMON         0x20071074        0x4 c:/programdata/matlab/supportpackages/r2021b/aide/portable/packages/arduino/tools/arm-none-eabi-gcc/4.8.3-2014q1/bin/../lib/gcc/arm-none-eabi/4.8.3/../../../../arm-none-eabi/lib/armv7-m\libg.a(lib_a-reent.o)
                0x20071074                errno
                0x20071078                . = ALIGN (0x4)
                0x20071078                _ebss = .
                0x20071078                _ezero = .
                0x20071078                . = ALIGN (0x4)
                0x20071078                _end = .

.stack_dummy    0x20071078        0x0
 *(.stack*)
                0x20088000                __StackTop = (ORIGIN (ram) + 0x18000)
                0x20088000                __StackLimit = (__StackTop - SIZEOF (.stack_dummy))
                0x20088000                PROVIDE (_sstack, __StackLimit)
                0x20088000                PROVIDE (_estack, __StackTop)
OUTPUT(../AFMSV2_Driver_Motor_Test.elf elf32-littlearm)

.ARM.attributes
                0x00000000       0x29
 .ARM.attributes
                0x00000000       0x1d c:/programdata/matlab/supportpackages/r2021b/aide/portable/packages/arduino/tools/arm-none-eabi-gcc/4.8.3-2014q1/bin/../lib/gcc/arm-none-eabi/4.8.3/armv7-m/crti.o
 .ARM.attributes
                0x0000001d       0x2d c:/programdata/matlab/supportpackages/r2021b/aide/portable/packages/arduino/tools/arm-none-eabi-gcc/4.8.3-2014q1/bin/../lib/gcc/arm-none-eabi/4.8.3/armv7-m/crtbegin.o
 .ARM.attributes
                0x0000004a       0x33 C:/ProgramData/MATLAB/SupportPackages/R2021b/aIDE/portable/packages/arduino/hardware/sam/1.6.12/variants/arduino_due_x/libsam_sam3x8e_gcc_rel.a(startup_sam3xa.o)
 .ARM.attributes
                0x0000007d       0x33 C:/ProgramData/MATLAB/SupportPackages/R2021b/aIDE/portable/packages/arduino/hardware/sam/1.6.12/variants/arduino_due_x/libsam_sam3x8e_gcc_rel.a(uotghs.o)
 .ARM.attributes
                0x000000b0       0x33 AFMSV2Driver.o
 .ARM.attributes
                0x000000e3       0x33 Adafruit_I2CDevice.o
 .ARM.attributes
                0x00000116       0x33 Adafruit_MotorShield.o
 .ARM.attributes
                0x00000149       0x33 Adafruit_MS_PWMServoDriver.o
 .ARM.attributes
                0x0000017c       0x33 SPI.o
 .ARM.attributes
                0x000001af       0x33 Wire.o
 .ARM.attributes
                0x000001e2       0x33 AFMSV2_Driver_Motor_Test.o
 .ARM.attributes
                0x00000215       0x33 AFMSV2_Driver_Motor_Test_data.o
 .ARM.attributes
                0x00000248       0x33 rtGetInf.o
 .ARM.attributes
                0x0000027b       0x33 rtGetNaN.o
 .ARM.attributes
                0x000002ae       0x33 rt_nonfinite.o
 .ARM.attributes
                0x000002e1       0x33 arm_m3_cortex_handler.o
 .ARM.attributes
                0x00000314       0x33 MW_ArduinoHWInit.o
 .ARM.attributes
                0x00000347       0x33 io_wrappers.o
 .ARM.attributes
                0x0000037a       0x33 arduinoARMScheduler.o
 .ARM.attributes
                0x000003ad       0x33 m3m4m4f_multitasking.o
 .ARM.attributes
                0x000003e0       0x33 ert_main.o
 .ARM.attributes
                0x00000413       0x33 C:/Users/Rafael/DOCUME~1/MATLAB/R2021b/ARDUIN~1/ARDUIN~1/FASTER~1/libcore.a(hooks.o)
 .ARM.attributes
                0x00000446       0x33 C:/Users/Rafael/DOCUME~1/MATLAB/R2021b/ARDUIN~1/ARDUIN~1/FASTER~1/libcore.a(syscalls_sam3.o)
 .ARM.attributes
                0x00000479       0x33 C:/Users/Rafael/DOCUME~1/MATLAB/R2021b/ARDUIN~1/ARDUIN~1/FASTER~1/libcore.a(wiring.o)
 .ARM.attributes
                0x000004ac       0x33 C:/Users/Rafael/DOCUME~1/MATLAB/R2021b/ARDUIN~1/ARDUIN~1/FASTER~1/libcore.a(wiring_digital.o)
 .ARM.attributes
                0x000004df       0x33 C:/Users/Rafael/DOCUME~1/MATLAB/R2021b/ARDUIN~1/ARDUIN~1/FASTER~1/libcore.a(new.o)
 .ARM.attributes
                0x00000512       0x33 C:/Users/Rafael/DOCUME~1/MATLAB/R2021b/ARDUIN~1/ARDUIN~1/FASTER~1/libcore.a(Print.o)
 .ARM.attributes
                0x00000545       0x33 C:/Users/Rafael/DOCUME~1/MATLAB/R2021b/ARDUIN~1/ARDUIN~1/FASTER~1/libcore.a(Reset.o)
 .ARM.attributes
                0x00000578       0x33 C:/Users/Rafael/DOCUME~1/MATLAB/R2021b/ARDUIN~1/ARDUIN~1/FASTER~1/libcore.a(UARTClass.o)
 .ARM.attributes
                0x000005ab       0x33 C:/Users/Rafael/DOCUME~1/MATLAB/R2021b/ARDUIN~1/ARDUIN~1/FASTER~1/libcore.a(USARTClass.o)
 .ARM.attributes
                0x000005de       0x33 C:/Users/Rafael/DOCUME~1/MATLAB/R2021b/ARDUIN~1/ARDUIN~1/FASTER~1/libcore.a(watchdog.o)
 .ARM.attributes
                0x00000611       0x33 C:/Users/Rafael/DOCUME~1/MATLAB/R2021b/ARDUIN~1/ARDUIN~1/FASTER~1/libcore.a(variant.o)
 .ARM.attributes
                0x00000644       0x33 C:/Users/Rafael/DOCUME~1/MATLAB/R2021b/ARDUIN~1/ARDUIN~1/FASTER~1/libcore.a(wiring_analog.o)
 .ARM.attributes
                0x00000677       0x33 C:/Users/Rafael/DOCUME~1/MATLAB/R2021b/ARDUIN~1/ARDUIN~1/FASTER~1/libcore.a(RingBuffer.o)
 .ARM.attributes
                0x000006aa       0x33 C:/ProgramData/MATLAB/SupportPackages/R2021b/aIDE/portable/packages/arduino/hardware/sam/1.6.12/variants/arduino_due_x/libsam_sam3x8e_gcc_rel.a(pio.o)
 .ARM.attributes
                0x000006dd       0x33 C:/ProgramData/MATLAB/SupportPackages/R2021b/aIDE/portable/packages/arduino/hardware/sam/1.6.12/variants/arduino_due_x/libsam_sam3x8e_gcc_rel.a(pmc.o)
 .ARM.attributes
                0x00000710       0x33 C:/ProgramData/MATLAB/SupportPackages/R2021b/aIDE/portable/packages/arduino/hardware/sam/1.6.12/variants/arduino_due_x/libsam_sam3x8e_gcc_rel.a(tc.o)
 .ARM.attributes
                0x00000743       0x33 C:/ProgramData/MATLAB/SupportPackages/R2021b/aIDE/portable/packages/arduino/hardware/sam/1.6.12/variants/arduino_due_x/libsam_sam3x8e_gcc_rel.a(timetick.o)
 .ARM.attributes
                0x00000776       0x33 C:/ProgramData/MATLAB/SupportPackages/R2021b/aIDE/portable/packages/arduino/hardware/sam/1.6.12/variants/arduino_due_x/libsam_sam3x8e_gcc_rel.a(twi.o)
 .ARM.attributes
                0x000007a9       0x33 C:/ProgramData/MATLAB/SupportPackages/R2021b/aIDE/portable/packages/arduino/hardware/sam/1.6.12/variants/arduino_due_x/libsam_sam3x8e_gcc_rel.a(wdt.o)
 .ARM.attributes
                0x000007dc       0x33 C:/ProgramData/MATLAB/SupportPackages/R2021b/aIDE/portable/packages/arduino/hardware/sam/1.6.12/variants/arduino_due_x/libsam_sam3x8e_gcc_rel.a(system_sam3xa.o)
 .ARM.attributes
                0x0000080f       0x33 C:/ProgramData/MATLAB/SupportPackages/R2021b/aIDE/portable/packages/arduino/hardware/sam/1.6.12/variants/arduino_due_x/libsam_sam3x8e_gcc_rel.a(adc.o)
 .ARM.attributes
                0x00000842       0x2d c:/programdata/matlab/supportpackages/r2021b/aide/portable/packages/arduino/tools/arm-none-eabi-gcc/4.8.3-2014q1/bin/../lib/gcc/arm-none-eabi/4.8.3/../../../../arm-none-eabi/lib/armv7-m\libm.a(lib_a-s_floor.o)
 .ARM.attributes
                0x0000086f       0x1d c:/programdata/matlab/supportpackages/r2021b/aide/portable/packages/arduino/tools/arm-none-eabi-gcc/4.8.3-2014q1/bin/../lib/gcc/arm-none-eabi/4.8.3/armv7-m\libgcc.a(_arm_addsubdf3.o)
 .ARM.attributes
                0x0000088c       0x1d c:/programdata/matlab/supportpackages/r2021b/aide/portable/packages/arduino/tools/arm-none-eabi-gcc/4.8.3-2014q1/bin/../lib/gcc/arm-none-eabi/4.8.3/armv7-m\libgcc.a(_arm_muldivdf3.o)
 .ARM.attributes
                0x000008a9       0x1d c:/programdata/matlab/supportpackages/r2021b/aide/portable/packages/arduino/tools/arm-none-eabi-gcc/4.8.3-2014q1/bin/../lib/gcc/arm-none-eabi/4.8.3/armv7-m\libgcc.a(_arm_cmpdf2.o)
 .ARM.attributes
                0x000008c6       0x1d c:/programdata/matlab/supportpackages/r2021b/aide/portable/packages/arduino/tools/arm-none-eabi-gcc/4.8.3-2014q1/bin/../lib/gcc/arm-none-eabi/4.8.3/armv7-m\libgcc.a(_arm_fixdfsi.o)
 .ARM.attributes
                0x000008e3       0x1d c:/programdata/matlab/supportpackages/r2021b/aide/portable/packages/arduino/tools/arm-none-eabi-gcc/4.8.3-2014q1/bin/../lib/gcc/arm-none-eabi/4.8.3/armv7-m\libgcc.a(_arm_fixunsdfsi.o)
 .ARM.attributes
                0x00000900       0x1d c:/programdata/matlab/supportpackages/r2021b/aide/portable/packages/arduino/tools/arm-none-eabi-gcc/4.8.3-2014q1/bin/../lib/gcc/arm-none-eabi/4.8.3/armv7-m\libgcc.a(_arm_truncdfsf2.o)
 .ARM.attributes
                0x0000091d       0x1d c:/programdata/matlab/supportpackages/r2021b/aide/portable/packages/arduino/tools/arm-none-eabi-gcc/4.8.3-2014q1/bin/../lib/gcc/arm-none-eabi/4.8.3/armv7-m\libgcc.a(_arm_addsubsf3.o)
 .ARM.attributes
                0x0000093a       0x1d c:/programdata/matlab/supportpackages/r2021b/aide/portable/packages/arduino/tools/arm-none-eabi-gcc/4.8.3-2014q1/bin/../lib/gcc/arm-none-eabi/4.8.3/armv7-m\libgcc.a(_arm_muldivsf3.o)
 .ARM.attributes
                0x00000957       0x2d c:/programdata/matlab/supportpackages/r2021b/aide/portable/packages/arduino/tools/arm-none-eabi-gcc/4.8.3-2014q1/bin/../lib/gcc/arm-none-eabi/4.8.3/../../../../arm-none-eabi/lib/armv7-m\libg.a(lib_a-assert.o)
 .ARM.attributes
                0x00000984       0x2d c:/programdata/matlab/supportpackages/r2021b/aide/portable/packages/arduino/tools/arm-none-eabi-gcc/4.8.3-2014q1/bin/../lib/gcc/arm-none-eabi/4.8.3/../../../../arm-none-eabi/lib/armv7-m\libg.a(lib_a-fiprintf.o)
 .ARM.attributes
                0x000009b1       0x2d c:/programdata/matlab/supportpackages/r2021b/aide/portable/packages/arduino/tools/arm-none-eabi-gcc/4.8.3-2014q1/bin/../lib/gcc/arm-none-eabi/4.8.3/../../../../arm-none-eabi/lib/armv7-m\libg.a(lib_a-impure.o)
 .ARM.attributes
                0x000009de       0x2d c:/programdata/matlab/supportpackages/r2021b/aide/portable/packages/arduino/tools/arm-none-eabi-gcc/4.8.3-2014q1/bin/../lib/gcc/arm-none-eabi/4.8.3/../../../../arm-none-eabi/lib/armv7-m\libg.a(lib_a-init.o)
 .ARM.attributes
                0x00000a0b       0x2d c:/programdata/matlab/supportpackages/r2021b/aide/portable/packages/arduino/tools/arm-none-eabi-gcc/4.8.3-2014q1/bin/../lib/gcc/arm-none-eabi/4.8.3/../../../../arm-none-eabi/lib/armv7-m\libg.a(lib_a-malloc.o)
 .ARM.attributes
                0x00000a38       0x2d c:/programdata/matlab/supportpackages/r2021b/aide/portable/packages/arduino/tools/arm-none-eabi-gcc/4.8.3-2014q1/bin/../lib/gcc/arm-none-eabi/4.8.3/../../../../arm-none-eabi/lib/armv7-m\libg.a(lib_a-mallocr.o)
 .ARM.attributes